Archive member included to satisfy reference by file (symbol)

/Applications/ArmGNUToolchain/14.2.rel1/arm-none-eabi/bin/../lib/gcc/arm-none-eabi/14.2.1/thumb/v6-m/nofp/libgcc.a(_dvmd_tls.o)
                              CMakeFiles/blink.dir/Users/danylo/pico/pico-sdk/src/rp2_common/pico_divider/divider_hardware.S.o (__aeabi_idiv0)
/Applications/ArmGNUToolchain/14.2.rel1/arm-none-eabi/bin/../lib/gcc/arm-none-eabi/14.2.1/../../../../arm-none-eabi/lib/thumb/v6-m/nofp/libg.a(libc_a-calloc.o)
                              CMakeFiles/blink.dir/Users/danylo/pico/pico-sdk/src/rp2_common/pico_malloc/malloc.c.o (calloc)
/Applications/ArmGNUToolchain/14.2.rel1/arm-none-eabi/bin/../lib/gcc/arm-none-eabi/14.2.1/../../../../arm-none-eabi/lib/thumb/v6-m/nofp/libg.a(libc_a-callocr.o)
                              /Applications/ArmGNUToolchain/14.2.rel1/arm-none-eabi/bin/../lib/gcc/arm-none-eabi/14.2.1/../../../../arm-none-eabi/lib/thumb/v6-m/nofp/libg.a(libc_a-calloc.o) (_calloc_r)
/Applications/ArmGNUToolchain/14.2.rel1/arm-none-eabi/bin/../lib/gcc/arm-none-eabi/14.2.1/../../../../arm-none-eabi/lib/thumb/v6-m/nofp/libg.a(libc_a-malloc.o)
                              CMakeFiles/blink.dir/Users/danylo/pico/pico-sdk/src/rp2_common/pico_malloc/malloc.c.o (malloc)
/Applications/ArmGNUToolchain/14.2.rel1/arm-none-eabi/bin/../lib/gcc/arm-none-eabi/14.2.1/../../../../arm-none-eabi/lib/thumb/v6-m/nofp/libg.a(libc_a-mallocr.o)
                              /Applications/ArmGNUToolchain/14.2.rel1/arm-none-eabi/bin/../lib/gcc/arm-none-eabi/14.2.1/../../../../arm-none-eabi/lib/thumb/v6-m/nofp/libg.a(libc_a-callocr.o) (_malloc_r)
/Applications/ArmGNUToolchain/14.2.rel1/arm-none-eabi/bin/../lib/gcc/arm-none-eabi/14.2.1/../../../../arm-none-eabi/lib/thumb/v6-m/nofp/libg.a(libc_a-mlock.o)
                              /Applications/ArmGNUToolchain/14.2.rel1/arm-none-eabi/bin/../lib/gcc/arm-none-eabi/14.2.1/../../../../arm-none-eabi/lib/thumb/v6-m/nofp/libg.a(libc_a-mallocr.o) (__malloc_lock)
/Applications/ArmGNUToolchain/14.2.rel1/arm-none-eabi/bin/../lib/gcc/arm-none-eabi/14.2.1/../../../../arm-none-eabi/lib/thumb/v6-m/nofp/libg.a(libc_a-realloc.o)
                              CMakeFiles/blink.dir/Users/danylo/pico/pico-sdk/src/rp2_common/pico_malloc/malloc.c.o (realloc)
/Applications/ArmGNUToolchain/14.2.rel1/arm-none-eabi/bin/../lib/gcc/arm-none-eabi/14.2.1/../../../../arm-none-eabi/lib/thumb/v6-m/nofp/libg.a(libc_a-reallocr.o)
                              /Applications/ArmGNUToolchain/14.2.rel1/arm-none-eabi/bin/../lib/gcc/arm-none-eabi/14.2.1/../../../../arm-none-eabi/lib/thumb/v6-m/nofp/libg.a(libc_a-realloc.o) (_realloc_r)
/Applications/ArmGNUToolchain/14.2.rel1/arm-none-eabi/bin/../lib/gcc/arm-none-eabi/14.2.1/../../../../arm-none-eabi/lib/thumb/v6-m/nofp/libg.a(libc_a-memcmp.o)
                              CMakeFiles/blink.dir/Users/danylo/pico/pico-sdk/src/rp2_common/pico_atomic/atomic.c.o (memcmp)
/Applications/ArmGNUToolchain/14.2.rel1/arm-none-eabi/bin/../lib/gcc/arm-none-eabi/14.2.1/../../../../arm-none-eabi/lib/thumb/v6-m/nofp/libg.a(libc_a-memmove.o)
                              /Applications/ArmGNUToolchain/14.2.rel1/arm-none-eabi/bin/../lib/gcc/arm-none-eabi/14.2.1/../../../../arm-none-eabi/lib/thumb/v6-m/nofp/libg.a(libc_a-reallocr.o) (memmove)
/Applications/ArmGNUToolchain/14.2.rel1/arm-none-eabi/bin/../lib/gcc/arm-none-eabi/14.2.1/../../../../arm-none-eabi/lib/thumb/v6-m/nofp/libg.a(libc_a-lcltime_r.o)
                              CMakeFiles/blink.dir/Users/danylo/pico/pico-sdk/src/common/pico_util/datetime.c.o (localtime_r)
/Applications/ArmGNUToolchain/14.2.rel1/arm-none-eabi/bin/../lib/gcc/arm-none-eabi/14.2.1/../../../../arm-none-eabi/lib/thumb/v6-m/nofp/libg.a(libc_a-mktime.o)
                              CMakeFiles/blink.dir/Users/danylo/pico/pico-sdk/src/common/pico_util/datetime.c.o (mktime)
/Applications/ArmGNUToolchain/14.2.rel1/arm-none-eabi/bin/../lib/gcc/arm-none-eabi/14.2.1/../../../../arm-none-eabi/lib/thumb/v6-m/nofp/libg.a(libc_a-month_lengths.o)
                              /Applications/ArmGNUToolchain/14.2.rel1/arm-none-eabi/bin/../lib/gcc/arm-none-eabi/14.2.1/../../../../arm-none-eabi/lib/thumb/v6-m/nofp/libg.a(libc_a-lcltime_r.o) (__month_lengths)
/Applications/ArmGNUToolchain/14.2.rel1/arm-none-eabi/bin/../lib/gcc/arm-none-eabi/14.2.1/../../../../arm-none-eabi/lib/thumb/v6-m/nofp/libg.a(libc_a-tzcalc_limits.o)
                              /Applications/ArmGNUToolchain/14.2.rel1/arm-none-eabi/bin/../lib/gcc/arm-none-eabi/14.2.1/../../../../arm-none-eabi/lib/thumb/v6-m/nofp/libg.a(libc_a-lcltime_r.o) (__tzcalc_limits)
/Applications/ArmGNUToolchain/14.2.rel1/arm-none-eabi/bin/../lib/gcc/arm-none-eabi/14.2.1/../../../../arm-none-eabi/lib/thumb/v6-m/nofp/libg.a(libc_a-tzlock.o)
                              /Applications/ArmGNUToolchain/14.2.rel1/arm-none-eabi/bin/../lib/gcc/arm-none-eabi/14.2.1/../../../../arm-none-eabi/lib/thumb/v6-m/nofp/libg.a(libc_a-lcltime_r.o) (__tz_lock)
[...]
Memory Configuration

Name             Origin             Length             Attributes
FLASH            0x10000000         0x00200000         xr
RAM              0x20000000         0x00040000         xrw
SCRATCH_X        0x20040000         0x00001000         xrw
SCRATCH_Y        0x20041000         0x00001000         xrw
*default*        0x00000000         0xffffffff

Linker script and memory map

LOAD /Applications/ArmGNUToolchain/14.2.rel1/arm-none-eabi/bin/../lib/gcc/arm-none-eabi/14.2.1/thumb/v6-m/nofp/crti.o
LOAD /Applications/ArmGNUToolchain/14.2.rel1/arm-none-eabi/bin/../lib/gcc/arm-none-eabi/14.2.1/thumb/v6-m/nofp/crtbegin.o
LOAD /Applications/ArmGNUToolchain/14.2.rel1/arm-none-eabi/bin/../lib/gcc/arm-none-eabi/14.2.1/../../../../arm-none-eabi/lib/thumb/v6-m/nofp/crt0.o

.flash_begin    0x10000000        0x0
                0x10000000                        __flash_binary_start = .

.boot2          0x10000000      0x100
                0x10000000                        __boot2_start__ = .
 *(.boot2)
 .boot2         0x10000000      0x100 pico-sdk/src/rp2040/boot_stage2/CMakeFiles/bs2_default_library.dir/bs2_default_padded_checksummed.S.o
                0x10000100                        __boot2_end__ = .
                0x00000001                        ASSERT (((__boot2_end__ - __boot2_start__) == 0x100), ERROR: Pico second stage bootloader must be 256 bytes in size)

.text           0x10000100     0x49e4
                0x10000100                        __logical_binary_start = .
 *(.vectors)
 .vectors       0x10000100       0xd4 CMakeFiles/blink.dir/Users/danylo/pico/pico-sdk/src/rp2_common/pico_crt0/crt0.S.o
                0x10000100                __VECTOR_TABLE
                0x10000100                __vectors
                0x100001c0                __default_isrs_start
                0x100001c0                isr_invalid
                0x100001c2                isr_nmi
                0x100001c4                isr_hardfault
                0x100001c6                isr_svcall
                0x100001c8                isr_pendsv
                0x100001ca                isr_systick
                0x100001cc                isr_irq28
                0x100001cc                isr_irq19
                0x100001cc                isr_irq0
                0x100001cc                isr_irq6
                0x100001cc                isr_irq22
                0x100001cc                isr_irq17
                0x100001cc                isr_irq14
                0x100001cc                isr_irq2
                0x100001cc                isr_irq10
                0x100001cc                isr_irq8
                0x100001cc                isr_irq24
                0x100001cc                isr_irq1
                0x100001cc                isr_irq7
                0x100001cc                isr_irq21
                0x100001cc                isr_irq20
                0x100001cc                isr_irq15
                0x100001cc                isr_irq25
                0x100001cc                isr_irq4
                0x100001cc                isr_irq16
                0x100001cc                isr_irq29
                0x100001cc                isr_irq26
                0x100001cc                __default_isrs_end
                0x100001cc                isr_irq3
                0x100001cc                isr_irq9
                0x100001cc                __unhandled_user_irq
                0x100001cc                isr_irq13
                0x100001cc                isr_irq27
                0x100001cc                isr_irq31
                0x100001cc                isr_irq5
                0x100001cc                isr_irq11
                0x100001cc                isr_irq23
                0x100001cc                isr_irq18
                0x100001cc                isr_irq30
                0x100001cc                isr_irq12
                0x100001d2                unhandled_user_irq_num_in_r0
 *(.binary_info_header)
 .binary_info_header
                0x100001d4       0x14 CMakeFiles/blink.dir/Users/danylo/pico/pico-sdk/src/rp2_common/pico_crt0/crt0.S.o
                0x100001e8                        __binary_info_header_end = .
 *(.embedded_block)
                0x100001e8                        __embedded_block_end = .
 *(.reset)
 .reset         0x100001e8       0x9c CMakeFiles/blink.dir/Users/danylo/pico/pico-sdk/src/rp2_common/pico_crt0/crt0.S.o
                0x100001e8                _entry_point
 *(.init)
 .init          0x10000284        0x4 /Applications/ArmGNUToolchain/14.2.rel1/arm-none-eabi/bin/../lib/gcc/arm-none-eabi/14.2.1/thumb/v6-m/nofp/crti.o
                0x10000284                _init
 *(EXCLUDE_FILE(*libm.a: *libc.a:*lib_a-mem*.o *libgcc.a:) .text*)
 .text.register_tm_clones
                0x10000288       0x28 /Applications/ArmGNUToolchain/14.2.rel1/arm-none-eabi/bin/../lib/gcc/arm-none-eabi/14.2.1/thumb/v6-m/nofp/crtbegin.o
 .text.frame_dummy
                0x100002b0       0x24 /Applications/ArmGNUToolchain/14.2.rel1/arm-none-eabi/bin/../lib/gcc/arm-none-eabi/14.2.1/thumb/v6-m/nofp/crtbegin.o
 .text.startup.main
                0x100002d4       0x30 CMakeFiles/blink.dir/blink.c.o
                0x100002d4                main
 .text.gpio_set_function
                0x10000304       0x34 CMakeFiles/blink.dir/Users/danylo/pico/pico-sdk/src/rp2_common/hardware_gpio/gpio.c.o
                0x10000304                gpio_set_function
 .text.gpio_init
                0x10000338       0x40 CMakeFiles/blink.dir/Users/danylo/pico/pico-sdk/src/rp2_common/hardware_gpio/gpio.c.o
                0x10000338                gpio_init
 .text.rp2040_chip_version
                0x10000378        0xc CMakeFiles/blink.dir/Users/danylo/pico/pico-sdk/src/rp2040/pico_platform/platform.c.o
                0x10000378                rp2040_chip_version
 .text.panic    0x10000384       0x30 CMakeFiles/blink.dir/Users/danylo/pico/pico-sdk/src/rp2_common/pico_platform_panic/panic.c.o
                0x10000384                panic
 .text.hw_claim_or_assert
                0x100003b4       0x44 CMakeFiles/blink.dir/Users/danylo/pico/pico-sdk/src/common/hardware_claim/claim.c.o
                0x100003b4                hw_claim_or_assert
 .text.hw_claim_unused_from_range
                0x100003f8       0x88 CMakeFiles/blink.dir/Users/danylo/pico/pico-sdk/src/common/hardware_claim/claim.c.o
                0x100003f8                hw_claim_unused_from_range
 .text.next_striped_spin_lock_num
                0x10000480       0x18 CMakeFiles/blink.dir/Users/danylo/pico/pico-sdk/src/rp2_common/hardware_sync/sync.c.o
                0x10000480                next_striped_spin_lock_num
 .text.spin_lock_claim_unused
                0x10000498       0x24 CMakeFiles/blink.dir/Users/danylo/pico/pico-sdk/src/rp2_common/hardware_sync/sync.c.o
                0x10000498                spin_lock_claim_unused
 .text.spin_locks_reset
                0x100004bc       0x1c CMakeFiles/blink.dir/Users/danylo/pico/pico-sdk/src/rp2_common/hardware_sync_spin_lock/sync_spin_lock.c.o
                0x100004bc                spin_locks_reset
 .text.runtime_init_per_core_irq_priorities
                0x100004d8       0x24 CMakeFiles/blink.dir/Users/danylo/pico/pico-sdk/src/rp2_common/hardware_irq/irq.c.o
                0x100004d8                runtime_init_per_core_irq_priorities
 .text.irq_set_enabled
                0x100004fc       0x24 CMakeFiles/blink.dir/Users/danylo/pico/pico-sdk/src/rp2_common/hardware_irq/irq.c.o
                0x100004fc                irq_set_enabled
 .text.irq_is_enabled
                0x10000520       0x18 CMakeFiles/blink.dir/Users/danylo/pico/pico-sdk/src/rp2_common/hardware_irq/irq.c.o
                0x10000520                irq_is_enabled
 .text.irq_set_pending
                0x10000538       0x10 CMakeFiles/blink.dir/Users/danylo/pico/pico-sdk/src/rp2_common/hardware_irq/irq.c.o
                0x10000538                irq_set_pending
 .text.irq_has_shared_handler
                0x10000548       0x24 CMakeFiles/blink.dir/Users/danylo/pico/pico-sdk/src/rp2_common/hardware_irq/irq.c.o
                0x10000548                irq_has_shared_handler
 .text.irq_set_exclusive_handler
                0x1000056c       0x54 CMakeFiles/blink.dir/Users/danylo/pico/pico-sdk/src/rp2_common/hardware_irq/irq.c.o
                0x1000056c                irq_set_exclusive_handler
 .text.irq_add_shared_handler
                0x100005c0      0x1f4 CMakeFiles/blink.dir/Users/danylo/pico/pico-sdk/src/rp2_common/hardware_irq/irq.c.o
                0x100005c0                irq_add_shared_handler
 .text.irq_remove_handler
                0x100007b4      0x1d4 CMakeFiles/blink.dir/Users/danylo/pico/pico-sdk/src/rp2_common/hardware_irq/irq.c.o
                0x100007b4                irq_remove_handler
 .text.irq_add_tail_to_free_list
                0x10000988       0xb4 CMakeFiles/blink.dir/Users/danylo/pico/pico-sdk/src/rp2_common/hardware_irq/irq.c.o
                0x10000988                irq_add_tail_to_free_list
 .text.user_irq_claim_unused
                0x10000a3c       0x2c CMakeFiles/blink.dir/Users/danylo/pico/pico-sdk/src/rp2_common/hardware_irq/irq.c.o
                0x10000a3c                user_irq_claim_unused
 .text.lock_init
                0x10000a68       0x10 CMakeFiles/blink.dir/Users/danylo/pico/pico-sdk/src/common/pico_sync/lock_core.c.o
                0x10000a68                lock_init
 .text.runtime_init_mutex
                0x10000a78       0x50 CMakeFiles/blink.dir/Users/danylo/pico/pico-sdk/src/common/pico_sync/mutex.c.o
                0x10000a78                runtime_init_mutex
 .text.mutex_init
                0x10000ac8       0x1c CMakeFiles/blink.dir/Users/danylo/pico/pico-sdk/src/common/pico_sync/mutex.c.o
                0x10000ac8                mutex_init
 .text.critical_section_init
                0x10000ae4       0x1c CMakeFiles/blink.dir/Users/danylo/pico/pico-sdk/src/common/pico_sync/critical_section.c.o
                0x10000ae4                critical_section_init
 .text.critical_section_init_with_lock_num
                0x10000b00       0x14 CMakeFiles/blink.dir/Users/danylo/pico/pico-sdk/src/common/pico_sync/critical_section.c.o
                0x10000b00                critical_section_init_with_lock_num
 .text.sleep_until_callback
                0x10000b14       0x30 CMakeFiles/blink.dir/Users/danylo/pico/pico-sdk/src/common/pico_time/time.c.o
 .text.alarm_pool_irq_handler
                0x10000b44      0x300 CMakeFiles/blink.dir/Users/danylo/pico/pico-sdk/src/common/pico_time/time.c.o
 .text.runtime_init_default_alarm_pool
                0x10000e44       0xdc CMakeFiles/blink.dir/Users/danylo/pico/pico-sdk/src/common/pico_time/time.c.o
                0x10000e44                runtime_init_default_alarm_pool
 .text.alarm_pool_get_default
                0x10000f20        0x8 CMakeFiles/blink.dir/Users/danylo/pico/pico-sdk/src/common/pico_time/time.c.o
                0x10000f20                alarm_pool_get_default
 .text.alarm_pool_add_alarm_at
                0x10000f28       0xd0 CMakeFiles/blink.dir/Users/danylo/pico/pico-sdk/src/common/pico_time/time.c.o
                0x10000f28                alarm_pool_add_alarm_at
 .text.alarm_pool_add_alarm_at_force_in_context
                0x10000ff8       0xb0 CMakeFiles/blink.dir/Users/danylo/pico/pico-sdk/src/common/pico_time/time.c.o
                0x10000ff8                alarm_pool_add_alarm_at_force_in_context
 .text.alarm_pool_cancel_alarm
                0x100010a8       0x74 CMakeFiles/blink.dir/Users/danylo/pico/pico-sdk/src/common/pico_time/time.c.o
                0x100010a8                alarm_pool_cancel_alarm
 .text.alarm_pool_core_num
                0x1000111c        0x4 CMakeFiles/blink.dir/Users/danylo/pico/pico-sdk/src/common/pico_time/time.c.o
                0x1000111c                alarm_pool_core_num
 .text.sleep_ms
                0x10001120       0xfc CMakeFiles/blink.dir/Users/danylo/pico/pico-sdk/src/common/pico_time/time.c.o
                0x10001120                sleep_ms
 .text.best_effort_wfe_or_timeout
                0x1000121c      0x10c CMakeFiles/blink.dir/Users/danylo/pico/pico-sdk/src/common/pico_time/time.c.o
                0x1000121c                best_effort_wfe_or_timeout
 .text.timer_hardware_alarm_claim
                0x10001328       0x14 CMakeFiles/blink.dir/Users/danylo/pico/pico-sdk/src/rp2_common/hardware_timer/timer.c.o
                0x10001328                timer_hardware_alarm_claim
 .text.timer_time_us_64
                0x1000133c       0x10 CMakeFiles/blink.dir/Users/danylo/pico/pico-sdk/src/rp2_common/hardware_timer/timer.c.o
                0x1000133c                timer_time_us_64
 .text.time_us_64
                0x1000134c       0x14 CMakeFiles/blink.dir/Users/danylo/pico/pico-sdk/src/rp2_common/hardware_timer/timer.c.o
                0x1000134c                time_us_64
 .text.busy_wait_us
                0x10001360       0x68 CMakeFiles/blink.dir/Users/danylo/pico/pico-sdk/src/rp2_common/hardware_timer/timer.c.o
                0x10001360                busy_wait_us
 .text.busy_wait_until
                0x100013c8       0x20 CMakeFiles/blink.dir/Users/danylo/pico/pico-sdk/src/rp2_common/hardware_timer/timer.c.o
                0x100013c8                busy_wait_until
 .text.uart_init
                0x100013e8      0x120 CMakeFiles/blink.dir/Users/danylo/pico/pico-sdk/src/rp2_common/hardware_uart/uart.c.o
                0x100013e8                uart_init
 .text.clock_configure_int_divider
                0x10001508       0xf4 CMakeFiles/blink.dir/Users/danylo/pico/pico-sdk/src/rp2_common/hardware_clocks/clocks.c.o
                0x10001508                clock_configure_int_divider
 .text.clock_configure_undivided
                0x100015fc       0xe8 CMakeFiles/blink.dir/Users/danylo/pico/pico-sdk/src/rp2_common/hardware_clocks/clocks.c.o
                0x100015fc                clock_configure_undivided
 .text.clock_get_hz
                0x100016e4        0xc CMakeFiles/blink.dir/Users/danylo/pico/pico-sdk/src/rp2_common/hardware_clocks/clocks.c.o
                0x100016e4                clock_get_hz
 .text.pll_init
                0x100016f0       0xa4 CMakeFiles/blink.dir/Users/danylo/pico/pico-sdk/src/rp2_common/hardware_pll/pll.c.o
                0x100016f0                pll_init
 .text.watchdog_reboot
                0x10001794       0x9c CMakeFiles/blink.dir/Users/danylo/pico/pico-sdk/src/rp2_common/hardware_watchdog/watchdog.c.o
                0x10001794                watchdog_reboot
 .text.tick_start
                0x10001830       0x10 CMakeFiles/blink.dir/Users/danylo/pico/pico-sdk/src/rp2_common/hardware_ticks/ticks.c.o
                0x10001830                tick_start
 .text.rom_func_lookup
                0x10001840       0x10 CMakeFiles/blink.dir/Users/danylo/pico/pico-sdk/src/rp2_common/pico_bootrom/bootrom.c.o
                0x10001840                rom_func_lookup
 .text.rom_data_lookup
                0x10001850       0x10 CMakeFiles/blink.dir/Users/danylo/pico/pico-sdk/src/rp2_common/pico_bootrom/bootrom.c.o
                0x10001850                rom_data_lookup
 .text.rom_funcs_lookup
                0x10001860       0x44 CMakeFiles/blink.dir/Users/danylo/pico/pico-sdk/src/rp2_common/pico_bootrom/bootrom.c.o
                0x10001860                rom_funcs_lookup
 .text.rom_reset_usb_boot_extra
                0x100018a4       0x24 CMakeFiles/blink.dir/Users/danylo/pico/pico-sdk/src/rp2_common/pico_bootrom/bootrom.c.o
                0x100018a4                rom_reset_usb_boot_extra
 .text.xosc_init
                0x100018c8       0x28 CMakeFiles/blink.dir/Users/danylo/pico/pico-sdk/src/rp2_common/hardware_xosc/xosc.c.o
                0x100018c8                xosc_init
 .text.first_per_core_initializer
                0x100018f0        0x4 CMakeFiles/blink.dir/Users/danylo/pico/pico-sdk/src/rp2_common/pico_runtime/runtime.c.o
 .text.hard_assertion_failure
                0x100018f4        0xc CMakeFiles/blink.dir/Users/danylo/pico/pico-sdk/src/rp2_common/pico_runtime/runtime.c.o
                0x100018f4                hard_assertion_failure
 .text.runtime_run_initializers
                0x10001900       0x28 CMakeFiles/blink.dir/Users/danylo/pico/pico-sdk/src/rp2_common/pico_runtime/runtime.c.o
                0x10001900                runtime_run_initializers
 .text.runtime_init_early_resets
                0x10001928       0x2c CMakeFiles/blink.dir/Users/danylo/pico/pico-sdk/src/rp2_common/pico_runtime_init/runtime_init.c.o
                0x10001928                runtime_init_early_resets
 .text.runtime_init_usb_power_down
                0x10001954       0x1c CMakeFiles/blink.dir/Users/danylo/pico/pico-sdk/src/rp2_common/pico_runtime_init/runtime_init.c.o
                0x10001954                runtime_init_usb_power_down
 .text.runtime_init_post_clock_resets
                0x10001970       0x20 CMakeFiles/blink.dir/Users/danylo/pico/pico-sdk/src/rp2_common/pico_runtime_init/runtime_init.c.o
                0x10001970                runtime_init_post_clock_resets
 .text.runtime_init_rp2040_gpio_ie_disable
                0x10001990       0x14 CMakeFiles/blink.dir/Users/danylo/pico/pico-sdk/src/rp2_common/pico_runtime_init/runtime_init.c.o
                0x10001990                runtime_init_rp2040_gpio_ie_disable
 .text.runtime_init_spin_locks_reset
                0x100019a4        0x8 CMakeFiles/blink.dir/Users/danylo/pico/pico-sdk/src/rp2_common/pico_runtime_init/runtime_init.c.o
                0x100019a4                runtime_init_spin_locks_reset
 .text.runtime_init_install_ram_vector_table
                0x100019ac       0x1c CMakeFiles/blink.dir/Users/danylo/pico/pico-sdk/src/rp2_common/pico_runtime_init/runtime_init.c.o
                0x100019ac                runtime_init_install_ram_vector_table
 .text.runtime_init_clocks
                0x100019c8       0xd8 CMakeFiles/blink.dir/Users/danylo/pico/pico-sdk/src/rp2_common/pico_runtime_init/runtime_init_clocks.c.o
                0x100019c8                runtime_init_clocks
 .text          0x10001aa0       0x10 CMakeFiles/blink.dir/Users/danylo/pico/pico-sdk/src/rp2_common/pico_bit_ops/bit_ops_aeabi.S.o
 .text.__wrap___aeabi_uidiv
                0x10001ab0       0x4c CMakeFiles/blink.dir/Users/danylo/pico/pico-sdk/src/rp2_common/pico_divider/divider_hardware.S.o
                0x10001ab0                __wrap___aeabi_uidiv
                0x10001ab0                __wrap___aeabi_uidivmod
                0x10001ab0                div_u32u32
                0x10001ab0                divmod_u32u32
                0x10001ab8                divmod_u32u32_unsafe
                0x10001ae0                divmod_u32u32_savestate
 .text.__aeabi_double_init
                0x10001afc       0xa4 CMakeFiles/blink.dir/Users/danylo/pico/pico-sdk/src/rp2_common/pico_double/double_init_rom_rp2040.c.o
                0x10001afc                __aeabi_double_init
 .text.double_table_shim_on_use_helper
                0x10001ba0       0x2c CMakeFiles/blink.dir/Users/danylo/pico/pico-sdk/src/rp2_common/pico_double/double_v1_rom_shim_rp2040.S.o
                0x10001ba0                double_table_shim_on_use_helper
 .text.__aeabi_lmul
                0x10001bcc       0x32 CMakeFiles/blink.dir/Users/danylo/pico/pico-sdk/src/rp2_common/pico_int64_ops/pico_int64_ops_aeabi.S.o
                0x10001bcc                __wrap___aeabi_lmul
 *fill*         0x10001bfe        0x2 
 .text.__aeabi_float_init
                0x10001c00       0x64 CMakeFiles/blink.dir/Users/danylo/pico/pico-sdk/src/rp2_common/pico_float/float_init_rom_rp2040.c.o
                0x10001c00                __aeabi_float_init
 .text.float_table_shim_on_use_helper
                0x10001c64       0x2c CMakeFiles/blink.dir/Users/danylo/pico/pico-sdk/src/rp2_common/pico_float/float_v1_rom_shim_rp2040.S.o
                0x10001c64                float_table_shim_on_use_helper
 .text          0x10001c90       0x10 CMakeFiles/blink.dir/Users/danylo/pico/pico-sdk/src/rp2_common/pico_mem_ops/mem_ops_aeabi.S.o
                0x10001c90                __aeabi_mem_init
 .text.memset   0x10001ca0        0xc CMakeFiles/blink.dir/Users/danylo/pico/pico-sdk/src/rp2_common/pico_mem_ops/mem_ops_aeabi.S.o
                0x10001ca0                __wrap_memset
 .text.memcpy   0x10001cac        0xc CMakeFiles/blink.dir/Users/danylo/pico/pico-sdk/src/rp2_common/pico_mem_ops/mem_ops_aeabi.S.o
                0x10001cac                __wrap___aeabi_memcpy
                0x10001cac                __wrap_memcpy
 .text._out_char
                0x10001cb8       0x10 CMakeFiles/blink.dir/Users/danylo/pico/pico-sdk/src/rp2_common/pico_printf/printf.c.o
 .text.weak_raw_vprintf
                0x10001cc8       0x30 CMakeFiles/blink.dir/Users/danylo/pico/pico-sdk/src/rp2_common/pico_printf/printf.c.o
                0x10001cc8                weak_raw_vprintf
 .text._exit    0x10001cf8        0x4 CMakeFiles/blink.dir/Users/danylo/pico/pico-sdk/src/rp2_common/pico_clib_interface/newlib_interface.c.o
                0x10001cf8                _exit
 .text.exit     0x10001cfc        0x8 CMakeFiles/blink.dir/Users/danylo/pico/pico-sdk/src/rp2_common/pico_clib_interface/newlib_interface.c.o
                0x10001cfc                exit
 .text.runtime_init
                0x10001d04       0x2c CMakeFiles/blink.dir/Users/danylo/pico/pico-sdk/src/rp2_common/pico_clib_interface/newlib_interface.c.o
                0x10001d04                runtime_init
 .text.stdio_out_chars_no_crlf
                0x10001d30       0x10 CMakeFiles/blink.dir/Users/danylo/pico/pico-sdk/src/rp2_common/pico_stdio/stdio.c.o
 .text.stdio_out_chars_crlf
                0x10001d40       0xb0 CMakeFiles/blink.dir/Users/danylo/pico/pico-sdk/src/rp2_common/pico_stdio/stdio.c.o
 .text.stdio_put_string
                0x10001df0       0xfc CMakeFiles/blink.dir/Users/danylo/pico/pico-sdk/src/rp2_common/pico_stdio/stdio.c.o
                0x10001df0                stdio_put_string
 .text.stdio_set_driver_enabled
                0x10001eec       0x30 CMakeFiles/blink.dir/Users/danylo/pico/pico-sdk/src/rp2_common/pico_stdio/stdio.c.o
                0x10001eec                stdio_set_driver_enabled
 .text.stdio_init_all
                0x10001f1c       0x10 CMakeFiles/blink.dir/Users/danylo/pico/pico-sdk/src/rp2_common/pico_stdio/stdio.c.o
                0x10001f1c                stdio_init_all
 .text.__wrap_putchar
                0x10001f2c       0x94 CMakeFiles/blink.dir/Users/danylo/pico/pico-sdk/src/rp2_common/pico_stdio/stdio.c.o
                0x10001f2c                stdio_putchar
                0x10001f2c                __wrap_putchar
 .text.__wrap_puts
                0x10001fc0       0x3c CMakeFiles/blink.dir/Users/danylo/pico/pico-sdk/src/rp2_common/pico_stdio/stdio.c.o
                0x10001fc0                __wrap_puts
                0x10001fc0                stdio_puts
 .text.stdio_uart_out_chars
                0x10001ffc       0x4c CMakeFiles/blink.dir/Users/danylo/pico/pico-sdk/src/rp2_common/pico_stdio_uart/stdio_uart.c.o
 .text.stdio_uart_in_chars
                0x10002048       0x90 CMakeFiles/blink.dir/Users/danylo/pico/pico-sdk/src/rp2_common/pico_stdio_uart/stdio_uart.c.o
                0x10002048                stdio_uart_in_chars
 .text.on_uart_rx
                0x100020d8       0x28 CMakeFiles/blink.dir/Users/danylo/pico/pico-sdk/src/rp2_common/pico_stdio_uart/stdio_uart.c.o
 .text.stdio_uart_out_flush
                0x10002100       0x14 CMakeFiles/blink.dir/Users/danylo/pico/pico-sdk/src/rp2_common/pico_stdio_uart/stdio_uart.c.o
 .text.stdio_uart_set_chars_available_callback
                0x10002114       0x84 CMakeFiles/blink.dir/Users/danylo/pico/pico-sdk/src/rp2_common/pico_stdio_uart/stdio_uart.c.o
 .text.stdio_uart_init
                0x10002198       0x50 CMakeFiles/blink.dir/Users/danylo/pico/pico-sdk/src/rp2_common/pico_stdio_uart/stdio_uart.c.o
                0x10002198                stdio_uart_init
 .text.resetd_init
                0x100021e8        0x4 CMakeFiles/blink.dir/Users/danylo/pico/pico-sdk/src/rp2_common/pico_stdio_usb/reset_interface.c.o
 .text.resetd_reset
                0x100021ec        0xc CMakeFiles/blink.dir/Users/danylo/pico/pico-sdk/src/rp2_common/pico_stdio_usb/reset_interface.c.o
 .text.resetd_open
                0x100021f8       0x28 CMakeFiles/blink.dir/Users/danylo/pico/pico-sdk/src/rp2_common/pico_stdio_usb/reset_interface.c.o
 .text.resetd_xfer_cb
                0x10002220        0x4 CMakeFiles/blink.dir/Users/danylo/pico/pico-sdk/src/rp2_common/pico_stdio_usb/reset_interface.c.o
 .text.resetd_control_xfer_cb
                0x10002224       0x54 CMakeFiles/blink.dir/Users/danylo/pico/pico-sdk/src/rp2_common/pico_stdio_usb/reset_interface.c.o
 .text.tud_descriptor_bos_cb
                0x10002278        0x8 CMakeFiles/blink.dir/Users/danylo/pico/pico-sdk/src/rp2_common/pico_stdio_usb/reset_interface.c.o
                0x10002278                tud_descriptor_bos_cb
 .text.tud_vendor_control_xfer_cb
                0x10002280       0x34 CMakeFiles/blink.dir/Users/danylo/pico/pico-sdk/src/rp2_common/pico_stdio_usb/reset_interface.c.o
                0x10002280                tud_vendor_control_xfer_cb
 .text.usbd_app_driver_get_cb
                0x100022b4        0xc CMakeFiles/blink.dir/Users/danylo/pico/pico-sdk/src/rp2_common/pico_stdio_usb/reset_interface.c.o
                0x100022b4                usbd_app_driver_get_cb
 .text.tud_cdc_line_coding_cb
                0x100022c0       0x2c CMakeFiles/blink.dir/Users/danylo/pico/pico-sdk/src/rp2_common/pico_stdio_usb/reset_interface.c.o
                0x100022c0                tud_cdc_line_coding_cb
 .text.stdio_usb_set_chars_available_callback
                0x100022ec       0x14 CMakeFiles/blink.dir/Users/danylo/pico/pico-sdk/src/rp2_common/pico_stdio_usb/stdio_usb.c.o
                0x100022ec                stdio_usb_set_chars_available_callback
 .text.usb_irq  0x10002300       0x10 CMakeFiles/blink.dir/Users/danylo/pico/pico-sdk/src/rp2_common/pico_stdio_usb/stdio_usb.c.o
 .text.timer_task
                0x10002310       0x64 CMakeFiles/blink.dir/Users/danylo/pico/pico-sdk/src/rp2_common/pico_stdio_usb/stdio_usb.c.o
 .text.stdio_usb_in_chars
                0x10002374       0x8c CMakeFiles/blink.dir/Users/danylo/pico/pico-sdk/src/rp2_common/pico_stdio_usb/stdio_usb.c.o
                0x10002374                stdio_usb_in_chars
 .text.stdio_usb_out_flush
                0x10002400       0x4c CMakeFiles/blink.dir/Users/danylo/pico/pico-sdk/src/rp2_common/pico_stdio_usb/stdio_usb.c.o
 .text.stdio_usb_out_chars
                0x1000244c      0x100 CMakeFiles/blink.dir/Users/danylo/pico/pico-sdk/src/rp2_common/pico_stdio_usb/stdio_usb.c.o
 .text.low_priority_worker_irq
                0x1000254c       0xc8 CMakeFiles/blink.dir/Users/danylo/pico/pico-sdk/src/rp2_common/pico_stdio_usb/stdio_usb.c.o
 .text.stdio_usb_init
                0x10002614       0xe8 CMakeFiles/blink.dir/Users/danylo/pico/pico-sdk/src/rp2_common/pico_stdio_usb/stdio_usb.c.o
                0x10002614                stdio_usb_init
 .text.tud_descriptor_device_cb
                0x100026fc        0x8 CMakeFiles/blink.dir/Users/danylo/pico/pico-sdk/src/rp2_common/pico_stdio_usb/stdio_usb_descriptors.c.o
                0x100026fc                tud_descriptor_device_cb
 .text.tud_descriptor_configuration_cb
                0x10002704        0x8 CMakeFiles/blink.dir/Users/danylo/pico/pico-sdk/src/rp2_common/pico_stdio_usb/stdio_usb_descriptors.c.o
                0x10002704                tud_descriptor_configuration_cb
 .text.tud_descriptor_string_cb
                0x1000270c       0x78 CMakeFiles/blink.dir/Users/danylo/pico/pico-sdk/src/rp2_common/pico_stdio_usb/stdio_usb_descriptors.c.o
                0x1000270c                tud_descriptor_string_cb
 .text.startup._retrieve_unique_id_on_boot
                0x10002784       0x10 CMakeFiles/blink.dir/Users/danylo/pico/pico-sdk/src/rp2_common/pico_unique_id/unique_id.c.o
 .text.pico_get_unique_board_id_string
                0x10002794      0x1a8 CMakeFiles/blink.dir/Users/danylo/pico/pico-sdk/src/rp2_common/pico_unique_id/unique_id.c.o
                0x10002794                pico_get_unique_board_id_string
 .text.flash_get_unique_id
                0x1000293c       0x3c CMakeFiles/blink.dir/Users/danylo/pico/pico-sdk/src/rp2_common/hardware_flash/flash.c.o
                0x1000293c                flash_get_unique_id
 .text.dcd_init
                0x10002978       0x90 CMakeFiles/blink.dir/Users/danylo/pico/pico-sdk/lib/tinyusb/src/portable/raspberrypi/rp2040/dcd_rp2040.c.o
                0x10002978                dcd_init
 .text.dcd_int_enable
                0x10002a08        0xc CMakeFiles/blink.dir/Users/danylo/pico/pico-sdk/lib/tinyusb/src/portable/raspberrypi/rp2040/dcd_rp2040.c.o
                0x10002a08                dcd_int_enable
 .text.dcd_set_address
                0x10002a14       0x14 CMakeFiles/blink.dir/Users/danylo/pico/pico-sdk/lib/tinyusb/src/portable/raspberrypi/rp2040/dcd_rp2040.c.o
                0x10002a14                dcd_set_address
 .text.dcd_sof_enable
                0x10002a28       0x1c CMakeFiles/blink.dir/Users/danylo/pico/pico-sdk/lib/tinyusb/src/portable/raspberrypi/rp2040/dcd_rp2040.c.o
                0x10002a28                dcd_sof_enable
 .text.dcd_edpt0_status_complete
                0x10002a44       0x1c CMakeFiles/blink.dir/Users/danylo/pico/pico-sdk/lib/tinyusb/src/portable/raspberrypi/rp2040/dcd_rp2040.c.o
                0x10002a44                dcd_edpt0_status_complete
 .text.dcd_edpt_open
                0x10002a60      0x114 CMakeFiles/blink.dir/Users/danylo/pico/pico-sdk/lib/tinyusb/src/portable/raspberrypi/rp2040/dcd_rp2040.c.o
                0x10002a60                dcd_edpt_open
 .text.dcd_edpt_close_all
                0x10002b74        0x8 CMakeFiles/blink.dir/Users/danylo/pico/pico-sdk/lib/tinyusb/src/portable/raspberrypi/rp2040/dcd_rp2040.c.o
                0x10002b74                dcd_edpt_close_all
 .text.dcd_edpt_xfer
                0x10002b7c       0x24 CMakeFiles/blink.dir/Users/danylo/pico/pico-sdk/lib/tinyusb/src/portable/raspberrypi/rp2040/dcd_rp2040.c.o
                0x10002b7c                dcd_edpt_xfer
 .text.dcd_edpt_stall
                0x10002ba0       0x3c CMakeFiles/blink.dir/Users/danylo/pico/pico-sdk/lib/tinyusb/src/portable/raspberrypi/rp2040/dcd_rp2040.c.o
                0x10002ba0                dcd_edpt_stall
 .text.dcd_edpt_clear_stall
                0x10002bdc       0x30 CMakeFiles/blink.dir/Users/danylo/pico/pico-sdk/lib/tinyusb/src/portable/raspberrypi/rp2040/dcd_rp2040.c.o
                0x10002bdc                dcd_edpt_clear_stall
 .text.rp2040_usb_init
                0x10002c0c       0x40 CMakeFiles/blink.dir/Users/danylo/pico/pico-sdk/lib/tinyusb/src/portable/raspberrypi/rp2040/rp2040_usb.c.o
                0x10002c0c                rp2040_usb_init
 .text.hw_endpoint_xfer_start
                0x10002c4c       0x40 CMakeFiles/blink.dir/Users/danylo/pico/pico-sdk/lib/tinyusb/src/portable/raspberrypi/rp2040/rp2040_usb.c.o
                0x10002c4c                hw_endpoint_xfer_start
 .text.tud_event_hook_cb
                0x10002c8c        0x4 CMakeFiles/blink.dir/Users/danylo/pico/pico-sdk/lib/tinyusb/src/device/usbd.c.o
                0x10002c8c                tud_event_hook_cb
 .text.tud_sof_cb
                0x10002c90        0x4 CMakeFiles/blink.dir/Users/danylo/pico/pico-sdk/lib/tinyusb/src/device/usbd.c.o
                0x10002c90                tud_sof_cb
 .text.tud_descriptor_device_qualifier_cb
                0x10002c94        0x4 CMakeFiles/blink.dir/Users/danylo/pico/pico-sdk/lib/tinyusb/src/device/usbd.c.o
                0x10002c94                tud_descriptor_device_qualifier_cb
 .text.tud_descriptor_other_speed_configuration_cb
                0x10002c98        0x4 CMakeFiles/blink.dir/Users/danylo/pico/pico-sdk/lib/tinyusb/src/device/usbd.c.o
                0x10002c98                tud_descriptor_other_speed_configuration_cb
 .text.tud_mount_cb
                0x10002c9c        0x4 CMakeFiles/blink.dir/Users/danylo/pico/pico-sdk/lib/tinyusb/src/device/usbd.c.o
                0x10002c9c                tud_mount_cb
 .text.tud_umount_cb
                0x10002ca0        0x4 CMakeFiles/blink.dir/Users/danylo/pico/pico-sdk/lib/tinyusb/src/device/usbd.c.o
                0x10002ca0                tud_umount_cb
 .text.tud_suspend_cb
                0x10002ca4        0x4 CMakeFiles/blink.dir/Users/danylo/pico/pico-sdk/lib/tinyusb/src/device/usbd.c.o
                0x10002ca4                tud_suspend_cb
 .text.tud_resume_cb
                0x10002ca8        0x4 CMakeFiles/blink.dir/Users/danylo/pico/pico-sdk/lib/tinyusb/src/device/usbd.c.o
                0x10002ca8                tud_resume_cb
 .text.tud_mounted
                0x10002cac       0x10 CMakeFiles/blink.dir/Users/danylo/pico/pico-sdk/lib/tinyusb/src/device/usbd.c.o
                0x10002cac                tud_mounted
 .text.tud_suspended
                0x10002cbc       0x10 CMakeFiles/blink.dir/Users/danylo/pico/pico-sdk/lib/tinyusb/src/device/usbd.c.o
                0x10002cbc                tud_suspended
 .text.tud_rhport_init
                0x10002ccc       0xf4 CMakeFiles/blink.dir/Users/danylo/pico/pico-sdk/lib/tinyusb/src/device/usbd.c.o
                0x10002ccc                tud_rhport_init
 .text.tud_task_ext
                0x10002dc0      0x800 CMakeFiles/blink.dir/Users/danylo/pico/pico-sdk/lib/tinyusb/src/device/usbd.c.o
                0x10002dc0                tud_task_ext
 .text.usbd_open_edpt_pair
                0x100035c0       0x9c CMakeFiles/blink.dir/Users/danylo/pico/pico-sdk/lib/tinyusb/src/device/usbd.c.o
                0x100035c0                usbd_open_edpt_pair
 .text.usbd_edpt_open
                0x1000365c       0x34 CMakeFiles/blink.dir/Users/danylo/pico/pico-sdk/lib/tinyusb/src/device/usbd.c.o
                0x1000365c                usbd_edpt_open
 .text.usbd_edpt_claim
                0x10003690       0x28 CMakeFiles/blink.dir/Users/danylo/pico/pico-sdk/lib/tinyusb/src/device/usbd.c.o
                0x10003690                usbd_edpt_claim
 .text.usbd_edpt_release
                0x100036b8       0x28 CMakeFiles/blink.dir/Users/danylo/pico/pico-sdk/lib/tinyusb/src/device/usbd.c.o
                0x100036b8                usbd_edpt_release
 .text.usbd_edpt_xfer
                0x100036e0       0x4c CMakeFiles/blink.dir/Users/danylo/pico/pico-sdk/lib/tinyusb/src/device/usbd.c.o
                0x100036e0                usbd_edpt_xfer
 .text.tud_control_status
                0x1000372c       0x2c CMakeFiles/blink.dir/Users/danylo/pico/pico-sdk/lib/tinyusb/src/device/usbd_control.c.o
                0x1000372c                tud_control_status
 .text.tud_control_xfer
                0x10003758       0xa8 CMakeFiles/blink.dir/Users/danylo/pico/pico-sdk/lib/tinyusb/src/device/usbd_control.c.o
                0x10003758                tud_control_xfer
 .text.usbd_control_reset
                0x10003800       0x14 CMakeFiles/blink.dir/Users/danylo/pico/pico-sdk/lib/tinyusb/src/device/usbd_control.c.o
                0x10003800                usbd_control_reset
 .text.usbd_control_set_complete_callback
                0x10003814        0xc CMakeFiles/blink.dir/Users/danylo/pico/pico-sdk/lib/tinyusb/src/device/usbd_control.c.o
                0x10003814                usbd_control_set_complete_callback
 .text.usbd_control_set_request
                0x10003820       0x1c CMakeFiles/blink.dir/Users/danylo/pico/pico-sdk/lib/tinyusb/src/device/usbd_control.c.o
                0x10003820                usbd_control_set_request
 .text.usbd_control_xfer_cb
                0x1000383c       0xec CMakeFiles/blink.dir/Users/danylo/pico/pico-sdk/lib/tinyusb/src/device/usbd_control.c.o
                0x1000383c                usbd_control_xfer_cb
 .text._prep_out_transaction.isra.0
                0x10003928       0x6c CMakeFiles/blink.dir/Users/danylo/pico/pico-sdk/lib/tinyusb/src/class/cdc/cdc_device.c.o
 .text.tud_cdc_n_connected
                0x10003994       0x2c CMakeFiles/blink.dir/Users/danylo/pico/pico-sdk/lib/tinyusb/src/class/cdc/cdc_device.c.o
                0x10003994                tud_cdc_n_connected
 .text.tud_cdc_n_available
                0x100039c0       0x14 CMakeFiles/blink.dir/Users/danylo/pico/pico-sdk/lib/tinyusb/src/class/cdc/cdc_device.c.o
                0x100039c0                tud_cdc_n_available
 .text.tud_cdc_n_read
                0x100039d4       0x88 CMakeFiles/blink.dir/Users/danylo/pico/pico-sdk/lib/tinyusb/src/class/cdc/cdc_device.c.o
                0x100039d4                tud_cdc_n_read
 .text.tud_cdc_n_write_flush
                0x10003a5c       0x74 CMakeFiles/blink.dir/Users/danylo/pico/pico-sdk/lib/tinyusb/src/class/cdc/cdc_device.c.o
                0x10003a5c                tud_cdc_n_write_flush
 .text.tud_cdc_n_write
                0x10003ad0       0x40 CMakeFiles/blink.dir/Users/danylo/pico/pico-sdk/lib/tinyusb/src/class/cdc/cdc_device.c.o
                0x10003ad0                tud_cdc_n_write
 .text.tud_cdc_n_write_available
                0x10003b10       0x14 CMakeFiles/blink.dir/Users/danylo/pico/pico-sdk/lib/tinyusb/src/class/cdc/cdc_device.c.o
                0x10003b10                tud_cdc_n_write_available
 .text.cdcd_init
                0x10003b24       0x70 CMakeFiles/blink.dir/Users/danylo/pico/pico-sdk/lib/tinyusb/src/class/cdc/cdc_device.c.o
                0x10003b24                cdcd_init
 .text.cdcd_deinit
                0x10003b94       0x30 CMakeFiles/blink.dir/Users/danylo/pico/pico-sdk/lib/tinyusb/src/class/cdc/cdc_device.c.o
                0x10003b94                cdcd_deinit
 .text.cdcd_reset
                0x10003bc4       0x4c CMakeFiles/blink.dir/Users/danylo/pico/pico-sdk/lib/tinyusb/src/class/cdc/cdc_device.c.o
                0x10003bc4                cdcd_reset
 .text.cdcd_open
                0x10003c10       0xa4 CMakeFiles/blink.dir/Users/danylo/pico/pico-sdk/lib/tinyusb/src/class/cdc/cdc_device.c.o
                0x10003c10                cdcd_open
 .text.cdcd_control_xfer_cb
                0x10003cb4       0xe8 CMakeFiles/blink.dir/Users/danylo/pico/pico-sdk/lib/tinyusb/src/class/cdc/cdc_device.c.o
                0x10003cb4                cdcd_control_xfer_cb
 .text.cdcd_xfer_cb
                0x10003d9c      0x100 CMakeFiles/blink.dir/Users/danylo/pico/pico-sdk/lib/tinyusb/src/class/cdc/cdc_device.c.o
                0x10003d9c                cdcd_xfer_cb
 .text.vendord_init
                0x10003e9c       0x5c CMakeFiles/blink.dir/Users/danylo/pico/pico-sdk/lib/tinyusb/src/class/vendor/vendor_device.c.o
                0x10003e9c                vendord_init
 .text.vendord_deinit
                0x10003ef8       0x1c CMakeFiles/blink.dir/Users/danylo/pico/pico-sdk/lib/tinyusb/src/class/vendor/vendor_device.c.o
                0x10003ef8                vendord_deinit
 .text.vendord_reset
                0x10003f14       0x28 CMakeFiles/blink.dir/Users/danylo/pico/pico-sdk/lib/tinyusb/src/class/vendor/vendor_device.c.o
                0x10003f14                vendord_reset
 .text.vendord_open
                0x10003f3c      0x120 CMakeFiles/blink.dir/Users/danylo/pico/pico-sdk/lib/tinyusb/src/class/vendor/vendor_device.c.o
                0x10003f3c                vendord_open
 .text.vendord_xfer_cb
                0x1000405c       0x9c CMakeFiles/blink.dir/Users/danylo/pico/pico-sdk/lib/tinyusb/src/class/vendor/vendor_device.c.o
                0x1000405c                vendord_xfer_cb
 .text.tusb_rhport_init
                0x100040f8       0x4c CMakeFiles/blink.dir/Users/danylo/pico/pico-sdk/lib/tinyusb/src/tusb.c.o
                0x100040f8                tusb_rhport_init
 .text.tu_edpt_claim
                0x10004144       0x50 CMakeFiles/blink.dir/Users/danylo/pico/pico-sdk/lib/tinyusb/src/tusb.c.o
                0x10004144                tu_edpt_claim
 .text.tu_edpt_release
                0x10004194       0x38 CMakeFiles/blink.dir/Users/danylo/pico/pico-sdk/lib/tinyusb/src/tusb.c.o
                0x10004194                tu_edpt_release
 .text.tu_edpt_validate
                0x100041cc       0x7c CMakeFiles/blink.dir/Users/danylo/pico/pico-sdk/lib/tinyusb/src/tusb.c.o
                0x100041cc                tu_edpt_validate
 .text.tu_edpt_bind_driver
                0x10004248       0x34 CMakeFiles/blink.dir/Users/danylo/pico/pico-sdk/lib/tinyusb/src/tusb.c.o
                0x10004248                tu_edpt_bind_driver
 .text.tu_edpt_stream_init
                0x1000427c       0x6c CMakeFiles/blink.dir/Users/danylo/pico/pico-sdk/lib/tinyusb/src/tusb.c.o
                0x1000427c                tu_edpt_stream_init
 .text.tu_edpt_stream_deinit
                0x100042e8        0x4 CMakeFiles/blink.dir/Users/danylo/pico/pico-sdk/lib/tinyusb/src/tusb.c.o
                0x100042e8                tu_edpt_stream_deinit
 .text.tu_edpt_stream_write_zlp_if_needed
                0x100042ec       0x68 CMakeFiles/blink.dir/Users/danylo/pico/pico-sdk/lib/tinyusb/src/tusb.c.o
                0x100042ec                tu_edpt_stream_write_zlp_if_needed
 .text.tu_edpt_stream_write_xfer
                0x10004354       0x68 CMakeFiles/blink.dir/Users/danylo/pico/pico-sdk/lib/tinyusb/src/tusb.c.o
                0x10004354                tu_edpt_stream_write_xfer
 .text.tu_edpt_stream_read_xfer
                0x100043bc       0xd8 CMakeFiles/blink.dir/Users/danylo/pico/pico-sdk/lib/tinyusb/src/tusb.c.o
                0x100043bc                tu_edpt_stream_read_xfer
 .text.tu_fifo_config
                0x10004494       0x6c CMakeFiles/blink.dir/Users/danylo/pico/pico-sdk/lib/tinyusb/src/common/tusb_fifo.c.o
                0x10004494                tu_fifo_config
 .text.tu_fifo_count
                0x10004500       0x2c CMakeFiles/blink.dir/Users/danylo/pico/pico-sdk/lib/tinyusb/src/common/tusb_fifo.c.o
                0x10004500                tu_fifo_count
 .text.tu_fifo_empty
                0x1000452c       0x10 CMakeFiles/blink.dir/Users/danylo/pico/pico-sdk/lib/tinyusb/src/common/tusb_fifo.c.o
                0x1000452c                tu_fifo_empty
 .text.tu_fifo_remaining
                0x1000453c       0x2c CMakeFiles/blink.dir/Users/danylo/pico/pico-sdk/lib/tinyusb/src/common/tusb_fifo.c.o
                0x1000453c                tu_fifo_remaining
 .text.tu_fifo_read
                0x10004568       0x9c CMakeFiles/blink.dir/Users/danylo/pico/pico-sdk/lib/tinyusb/src/common/tusb_fifo.c.o
                0x10004568                tu_fifo_read
 .text.tu_fifo_read_n
                0x10004604       0xe8 CMakeFiles/blink.dir/Users/danylo/pico/pico-sdk/lib/tinyusb/src/common/tusb_fifo.c.o
                0x10004604                tu_fifo_read_n
 .text.tu_fifo_write
                0x100046ec       0xa4 CMakeFiles/blink.dir/Users/danylo/pico/pico-sdk/lib/tinyusb/src/common/tusb_fifo.c.o
                0x100046ec                tu_fifo_write
 .text.tu_fifo_write_n
                0x10004790      0x178 CMakeFiles/blink.dir/Users/danylo/pico/pico-sdk/lib/tinyusb/src/common/tusb_fifo.c.o
                0x10004790                tu_fifo_write_n
 .text.tu_fifo_clear
                0x10004908       0x40 CMakeFiles/blink.dir/Users/danylo/pico/pico-sdk/lib/tinyusb/src/common/tusb_fifo.c.o
                0x10004908                tu_fifo_clear
 .text.tu_fifo_set_overwritable
                0x10004948       0x48 CMakeFiles/blink.dir/Users/danylo/pico/pico-sdk/lib/tinyusb/src/common/tusb_fifo.c.o
                0x10004948                tu_fifo_set_overwritable
 .text.strlen   0x10004990       0x5c /Applications/ArmGNUToolchain/14.2.rel1/arm-none-eabi/bin/../lib/gcc/arm-none-eabi/14.2.1/../../../../arm-none-eabi/lib/thumb/v6-m/nofp/libg.a(libc_a-strlen-stub.o)
                0x10004990                strlen
 *(.fini)
 .fini          0x100049ec        0x4 /Applications/ArmGNUToolchain/14.2.rel1/arm-none-eabi/bin/../lib/gcc/arm-none-eabi/14.2.1/thumb/v6-m/nofp/crti.o
                0x100049ec                _fini
 .fini.__stub   0x100049f0       0xb0 linker stubs
 *crtbegin.o(.ctors)
 *crtbegin?.o(.ctors)
 *(EXCLUDE_FILE(*crtend.o *crtend?.o) .ctors)
 *(SORT_BY_NAME(.ctors.*))
 *(.ctors)
 *crtbegin.o(.dtors)
 *crtbegin?.o(.dtors)
 *(EXCLUDE_FILE(*crtend.o *crtend?.o) .dtors)
 *(SORT_BY_NAME(.dtors.*))
 *(.dtors)
                0x10004aa0                        . = ALIGN (0x4)
                0x10004aa0                        PROVIDE (__preinit_array_start = .)
 *(SORT_BY_NAME(.preinit_array.*))
 .preinit_array.00100
                0x10004aa0        0x4 CMakeFiles/blink.dir/Users/danylo/pico/pico-sdk/src/rp2_common/pico_runtime_init/runtime_init.c.o
                0x10004aa0                __pre_init_runtime_init_early_resets
 .preinit_array.00101
                0x10004aa4        0x4 CMakeFiles/blink.dir/Users/danylo/pico/pico-sdk/src/rp2_common/pico_runtime_init/runtime_init.c.o
                0x10004aa4                __pre_init_runtime_init_usb_power_down
 .preinit_array.00275
                0x10004aa8        0x4 CMakeFiles/blink.dir/Users/danylo/pico/pico-sdk/src/rp2_common/pico_bit_ops/bit_ops_aeabi.S.o
 .preinit_array.00300
                0x10004aac        0x4 CMakeFiles/blink.dir/Users/danylo/pico/pico-sdk/src/rp2_common/pico_mem_ops/mem_ops_aeabi.S.o
 .preinit_array.00350
                0x10004ab0        0x4 CMakeFiles/blink.dir/Users/danylo/pico/pico-sdk/src/rp2_common/pico_double/double_aeabi_rp2040.S.o
 .preinit_array.00350
                0x10004ab4        0x4 CMakeFiles/blink.dir/Users/danylo/pico/pico-sdk/src/rp2_common/pico_float/float_aeabi_rp2040.S.o
 .preinit_array.00500
                0x10004ab8        0x4 CMakeFiles/blink.dir/Users/danylo/pico/pico-sdk/src/rp2_common/pico_runtime_init/runtime_init.c.o
                0x10004ab8                __pre_init_runtime_init_clocks
 .preinit_array.00600
                0x10004abc        0x4 CMakeFiles/blink.dir/Users/danylo/pico/pico-sdk/src/rp2_common/pico_runtime_init/runtime_init.c.o
                0x10004abc                __pre_init_runtime_init_post_clock_resets
 .preinit_array.00700
                0x10004ac0        0x4 CMakeFiles/blink.dir/Users/danylo/pico/pico-sdk/src/rp2_common/pico_runtime_init/runtime_init.c.o
                0x10004ac0                __pre_init_runtime_init_rp2040_gpio_ie_disable
 .preinit_array.01000
                0x10004ac4        0x4 CMakeFiles/blink.dir/Users/danylo/pico/pico-sdk/src/rp2_common/pico_runtime_init/runtime_init.c.o
                0x10004ac4                __pre_init_runtime_init_spin_locks_reset
 .preinit_array.01100
                0x10004ac8        0x4 CMakeFiles/blink.dir/Users/danylo/pico/pico-sdk/src/common/pico_sync/mutex.c.o
                0x10004ac8                __pre_init_runtime_init_mutex
 .preinit_array.10080
                0x10004acc        0x4 CMakeFiles/blink.dir/Users/danylo/pico/pico-sdk/src/rp2_common/pico_runtime_init/runtime_init.c.o
                0x10004acc                __pre_init_runtime_init_install_ram_vector_table
 .preinit_array.11000
                0x10004ad0        0x4 CMakeFiles/blink.dir/Users/danylo/pico/pico-sdk/src/common/pico_time/time.c.o
                0x10004ad0                __pre_init_runtime_init_default_alarm_pool
 .preinit_array.YYYYY
                0x10004ad4        0x4 CMakeFiles/blink.dir/Users/danylo/pico/pico-sdk/src/rp2_common/pico_runtime/runtime.c.o
                0x10004ad4                __pre_init_first_per_core_initializer
 .preinit_array.ZZZZZ.01200
                0x10004ad8        0x4 CMakeFiles/blink.dir/Users/danylo/pico/pico-sdk/src/rp2_common/hardware_irq/irq.c.o
                0x10004ad8                __pre_init_runtime_init_per_core_irq_priorities
 *(.preinit_array)
                0x10004adc                        PROVIDE (__preinit_array_end = .)
                0x10004adc                        . = ALIGN (0x4)
                0x10004adc                        PROVIDE (__init_array_start = .)
 *(SORT_BY_NAME(.init_array.*))
 *(.init_array)
 .init_array    0x10004adc        0x4 /Applications/ArmGNUToolchain/14.2.rel1/arm-none-eabi/bin/../lib/gcc/arm-none-eabi/14.2.1/thumb/v6-m/nofp/crtbegin.o
 .init_array    0x10004ae0        0x4 CMakeFiles/blink.dir/Users/danylo/pico/pico-sdk/src/rp2_common/pico_unique_id/unique_id.c.o
                0x10004ae4                        PROVIDE (__init_array_end = .)
                0x10004ae4                        . = ALIGN (0x4)
                [!provide]                        PROVIDE (__fini_array_start = .)
 *(SORT_BY_NAME(.fini_array.*))
 *(.fini_array)
                [!provide]                        PROVIDE (__fini_array_end = .)
 *(.eh_frame*)
 .eh_frame      0x10004ae4        0x0 /Applications/ArmGNUToolchain/14.2.rel1/arm-none-eabi/bin/../lib/gcc/arm-none-eabi/14.2.1/thumb/v6-m/nofp/crtbegin.o
                0x10004ae4                        . = ALIGN (0x4)

.glue_7         0x10004ae4        0x0
 .glue_7        0x10004ae4        0x0 linker stubs

.glue_7t        0x10004ae4        0x0
 .glue_7t       0x10004ae4        0x0 linker stubs

.vfp11_veneer   0x10004ae4        0x0
 .vfp11_veneer  0x10004ae4        0x0 linker stubs

.v4_bx          0x10004ae4        0x0
 .v4_bx         0x10004ae4        0x0 linker stubs

.iplt           0x10004ae4        0x0
 .iplt          0x10004ae4        0x0 /Applications/ArmGNUToolchain/14.2.rel1/arm-none-eabi/bin/../lib/gcc/arm-none-eabi/14.2.1/thumb/v6-m/nofp/crtbegin.o

.rodata         0x10004ae4      0x454
 *(EXCLUDE_FILE(*libm.a: *libc.a:*lib_a-mem*.o *libgcc.a:) .rodata*)
 .rodata.panic.str1.4
                0x10004ae4      0x180 CMakeFiles/blink.dir/Users/danylo/pico/pico-sdk/src/rp2_common/pico_platform_panic/panic.c.o
                                 0x12 (size before relaxing)
 .rodata.spin_lock_claim_unused.str1.4
                0x10004c64       0x1b CMakeFiles/blink.dir/Users/danylo/pico/pico-sdk/src/rp2_common/hardware_sync/sync.c.o
 .rodata.user_irq_claim_unused.str1.4
                0x10004c64       0x1b CMakeFiles/blink.dir/Users/danylo/pico/pico-sdk/src/rp2_common/hardware_irq/irq.c.o
 .rodata.timer_hardware_alarm_claim.str1.4
                0x10004c64       0x22 CMakeFiles/blink.dir/Users/danylo/pico/pico-sdk/src/rp2_common/hardware_timer/timer.c.o
 .rodata.hard_assertion_failure.str1.4
                0x10004c64        0xc CMakeFiles/blink.dir/Users/danylo/pico/pico-sdk/src/rp2_common/pico_runtime/runtime.c.o
 .rodata.str1.4
                0x10004c64       0x3c CMakeFiles/blink.dir/Users/danylo/pico/pico-sdk/src/rp2_common/pico_standard_binary_info/standard_binary_info.c.o
 .rodata.__bi_84
                0x10004c64        0xc CMakeFiles/blink.dir/Users/danylo/pico/pico-sdk/src/rp2_common/pico_standard_binary_info/standard_binary_info.c.o
 .rodata.__bi_78
                0x10004c70        0xc CMakeFiles/blink.dir/Users/danylo/pico/pico-sdk/src/rp2_common/pico_standard_binary_info/standard_binary_info.c.o
 .rodata.__bi_54
                0x10004c7c        0xc CMakeFiles/blink.dir/Users/danylo/pico/pico-sdk/src/rp2_common/pico_standard_binary_info/standard_binary_info.c.o
 .rodata.__bi_48
                0x10004c88        0xc CMakeFiles/blink.dir/Users/danylo/pico/pico-sdk/src/rp2_common/pico_standard_binary_info/standard_binary_info.c.o
 .rodata.__bi_42
                0x10004c94        0xc CMakeFiles/blink.dir/Users/danylo/pico/pico-sdk/src/rp2_common/pico_standard_binary_info/standard_binary_info.c.o
 .rodata.__bi_34
                0x10004ca0        0xc CMakeFiles/blink.dir/Users/danylo/pico/pico-sdk/src/rp2_common/pico_standard_binary_info/standard_binary_info.c.o
 .rodata.__bi_26
                0x10004cac        0xc CMakeFiles/blink.dir/Users/danylo/pico/pico-sdk/src/rp2_common/pico_standard_binary_info/standard_binary_info.c.o
 .rodata.crlf_str.0
                0x10004cb8        0x2 CMakeFiles/blink.dir/Users/danylo/pico/pico-sdk/src/rp2_common/pico_stdio/stdio.c.o
 .rodata.str1.4
                0x10004cba       0x2c CMakeFiles/blink.dir/Users/danylo/pico/pico-sdk/src/rp2_common/pico_stdio_uart/stdio_uart.c.o
 *fill*         0x10004cba        0x2 
 .rodata.__bi_45.4
                0x10004cbc        0xc CMakeFiles/blink.dir/Users/danylo/pico/pico-sdk/src/rp2_common/pico_stdio_uart/stdio_uart.c.o
 .rodata.__bi_49.5
                0x10004cc8        0x8 CMakeFiles/blink.dir/Users/danylo/pico/pico-sdk/src/rp2_common/pico_stdio_uart/stdio_uart.c.o
 .rodata.__bi_50.6
                0x10004cd0        0x8 CMakeFiles/blink.dir/Users/danylo/pico/pico-sdk/src/rp2_common/pico_stdio_uart/stdio_uart.c.o
 .rodata._resetd_driver
                0x10004cd8       0x20 CMakeFiles/blink.dir/Users/danylo/pico/pico-sdk/src/rp2_common/pico_stdio_usb/reset_interface.c.o
 .rodata.desc_ms_os_20
                0x10004cf8       0xa6 CMakeFiles/blink.dir/Users/danylo/pico/pico-sdk/src/rp2_common/pico_stdio_usb/reset_interface.c.o
 *fill*         0x10004d9e        0x2 
 .rodata.desc_bos
                0x10004da0       0x21 CMakeFiles/blink.dir/Users/danylo/pico/pico-sdk/src/rp2_common/pico_stdio_usb/reset_interface.c.o
                0x10004da0                desc_bos
 .rodata.str1.4
                0x10004dc1       0x13 CMakeFiles/blink.dir/Users/danylo/pico/pico-sdk/src/rp2_common/pico_stdio_usb/stdio_usb.c.o
 *fill*         0x10004dc1        0x3 
 .rodata.__bi_197.0
                0x10004dc4        0xc CMakeFiles/blink.dir/Users/danylo/pico/pico-sdk/src/rp2_common/pico_stdio_usb/stdio_usb.c.o
 .rodata.str1.4
                0x10004dd0       0x2a CMakeFiles/blink.dir/Users/danylo/pico/pico-sdk/src/rp2_common/pico_stdio_usb/stdio_usb_descriptors.c.o
 .rodata.usbd_desc_str
                0x10004dd0       0x18 CMakeFiles/blink.dir/Users/danylo/pico/pico-sdk/src/rp2_common/pico_stdio_usb/stdio_usb_descriptors.c.o
 .rodata.usbd_desc_cfg
                0x10004de8       0x54 CMakeFiles/blink.dir/Users/danylo/pico/pico-sdk/src/rp2_common/pico_stdio_usb/stdio_usb_descriptors.c.o
 .rodata.usbd_desc_device
                0x10004e3c       0x12 CMakeFiles/blink.dir/Users/danylo/pico/pico-sdk/src/rp2_common/pico_stdio_usb/stdio_usb_descriptors.c.o
 .rodata.str1.4
                0x10004e4e       0x14 CMakeFiles/blink.dir/Users/danylo/pico/pico-sdk/lib/tinyusb/src/portable/raspberrypi/rp2040/dcd_rp2040.c.o
 .rodata.str1.4
                0x10004e4e       0x48 CMakeFiles/blink.dir/Users/danylo/pico/pico-sdk/lib/tinyusb/src/portable/raspberrypi/rp2040/rp2040_usb.c.o
 *fill*         0x10004e4e        0x2 
 .rodata.tud_task_ext
                0x10004e50       0x8c CMakeFiles/blink.dir/Users/danylo/pico/pico-sdk/lib/tinyusb/src/device/usbd.c.o
 .rodata        0x10004edc       0x1c CMakeFiles/blink.dir/Users/danylo/pico/pico-sdk/lib/tinyusb/src/device/usbd.c.o
 .rodata._usbd_driver
                0x10004ef8       0x40 CMakeFiles/blink.dir/Users/danylo/pico/pico-sdk/lib/tinyusb/src/device/usbd.c.o
                0x10004f38                        . = ALIGN (0x4)
 *(SORT_BY_ALIGNMENT(SORT_BY_NAME(.flashdata*)))
                0x10004f38                        . = ALIGN (0x4)

.ARM.extab
 *(.ARM.extab* .gnu.linkonce.armextab.*)
                0x10004f38                        __exidx_start = .

.ARM.exidx
 *(.ARM.exidx* .gnu.linkonce.armexidx.*)
                0x10004f38                        __exidx_end = .
                0x10004f38                        . = ALIGN (0x4)
                0x10004f38                        __binary_info_start = .

.binary_info    0x10004f38       0x2c
 *(.binary_info.keep.*)
 .binary_info.keep.__bi_ptr84
                0x10004f38        0x4 CMakeFiles/blink.dir/Users/danylo/pico/pico-sdk/src/rp2_common/pico_standard_binary_info/standard_binary_info.c.o
 .binary_info.keep.__bi_ptr78
                0x10004f3c        0x4 CMakeFiles/blink.dir/Users/danylo/pico/pico-sdk/src/rp2_common/pico_standard_binary_info/standard_binary_info.c.o
 .binary_info.keep.__bi_ptr54
                0x10004f40        0x4 CMakeFiles/blink.dir/Users/danylo/pico/pico-sdk/src/rp2_common/pico_standard_binary_info/standard_binary_info.c.o
 .binary_info.keep.__bi_ptr48
                0x10004f44        0x4 CMakeFiles/blink.dir/Users/danylo/pico/pico-sdk/src/rp2_common/pico_standard_binary_info/standard_binary_info.c.o
 .binary_info.keep.__bi_ptr42
                0x10004f48        0x4 CMakeFiles/blink.dir/Users/danylo/pico/pico-sdk/src/rp2_common/pico_standard_binary_info/standard_binary_info.c.o
 .binary_info.keep.__bi_ptr34
                0x10004f4c        0x4 CMakeFiles/blink.dir/Users/danylo/pico/pico-sdk/src/rp2_common/pico_standard_binary_info/standard_binary_info.c.o
 .binary_info.keep.__bi_ptr26
                0x10004f50        0x4 CMakeFiles/blink.dir/Users/danylo/pico/pico-sdk/src/rp2_common/pico_standard_binary_info/standard_binary_info.c.o
 *(.binary_info.*)
 .binary_info.__bi_ptr50
                0x10004f54        0x4 CMakeFiles/blink.dir/Users/danylo/pico/pico-sdk/src/rp2_common/pico_stdio_uart/stdio_uart.c.o
 .binary_info.__bi_ptr49
                0x10004f58        0x4 CMakeFiles/blink.dir/Users/danylo/pico/pico-sdk/src/rp2_common/pico_stdio_uart/stdio_uart.c.o
 .binary_info.__bi_ptr45
                0x10004f5c        0x4 CMakeFiles/blink.dir/Users/danylo/pico/pico-sdk/src/rp2_common/pico_stdio_uart/stdio_uart.c.o
 .binary_info.__bi_ptr197
                0x10004f60        0x4 CMakeFiles/blink.dir/Users/danylo/pico/pico-sdk/src/rp2_common/pico_stdio_usb/stdio_usb.c.o
                0x10004f64                        __binary_info_end = .

.rel.dyn        0x10004f64        0x0
 .rel.iplt      0x10004f64        0x0 /Applications/ArmGNUToolchain/14.2.rel1/arm-none-eabi/bin/../lib/gcc/arm-none-eabi/14.2.1/thumb/v6-m/nofp/crtbegin.o
                0x10004f64                        . = ALIGN (0x4)

.ram_vector_table
                0x20000000       0xc0
 *(.ram_vector_table)
 .ram_vector_table
                0x20000000       0xc0 CMakeFiles/blink.dir/Users/danylo/pico/pico-sdk/src/rp2_common/pico_runtime_init/runtime_init.c.o
                0x20000000                ram_vector_table

.uninitialized_data
                0x200000c0        0x0
                0x200000c0                        . = ALIGN (0x4)
 *(.uninitialized_data*)

.data           0x200000c0      0xfb8 load address 0x10004f64
                0x200000c0                        __data_start__ = .
 *(vtable)
 *(.time_critical*)
 .time_critical.mutex_try_enter
                0x200000c0       0x40 CMakeFiles/blink.dir/Users/danylo/pico/pico-sdk/src/common/pico_sync/mutex.c.o
                0x200000c0                mutex_try_enter
 .time_critical.mutex_try_enter_block_until
                0x20000100       0x98 CMakeFiles/blink.dir/Users/danylo/pico/pico-sdk/src/common/pico_sync/mutex.c.o
                0x20000100                mutex_try_enter_block_until
 .time_critical.mutex_enter_timeout_ms
                0x20000198       0x8c CMakeFiles/blink.dir/Users/danylo/pico/pico-sdk/src/common/pico_sync/mutex.c.o
                0x20000198                mutex_enter_timeout_ms
 .time_critical.mutex_exit
                0x20000224       0x28 CMakeFiles/blink.dir/Users/danylo/pico/pico-sdk/src/common/pico_sync/mutex.c.o
                0x20000224                mutex_exit
 .time_critical.flash_init_boot2_copyout
                0x2000024c       0x30 CMakeFiles/blink.dir/Users/danylo/pico/pico-sdk/src/rp2_common/hardware_flash/flash.c.o
 .time_critical.flash_enable_xip_via_boot2
                0x2000027c        0xc CMakeFiles/blink.dir/Users/danylo/pico/pico-sdk/src/rp2_common/hardware_flash/flash.c.o
 .time_critical.flash_cs_force
                0x20000288       0x38 CMakeFiles/blink.dir/Users/danylo/pico/pico-sdk/src/rp2_common/hardware_flash/flash.c.o
 .time_critical.flash_do_cmd
                0x200002c0      0x130 CMakeFiles/blink.dir/Users/danylo/pico/pico-sdk/src/rp2_common/hardware_flash/flash.c.o
                0x200002c0                flash_do_cmd
 .time_critical.reset_non_control_endpoints
                0x200003f0       0x68 CMakeFiles/blink.dir/Users/danylo/pico/pico-sdk/lib/tinyusb/src/portable/raspberrypi/rp2040/dcd_rp2040.c.o
 .time_critical.hw_handle_buff_status
                0x20000458       0xa0 CMakeFiles/blink.dir/Users/danylo/pico/pico-sdk/lib/tinyusb/src/portable/raspberrypi/rp2040/dcd_rp2040.c.o
 .time_critical.dcd_rp2040_irq
                0x200004f8      0x548 CMakeFiles/blink.dir/Users/danylo/pico/pico-sdk/lib/tinyusb/src/portable/raspberrypi/rp2040/dcd_rp2040.c.o
 .time_critical.prepare_ep_buffer
                0x20000a40       0xc8 CMakeFiles/blink.dir/Users/danylo/pico/pico-sdk/lib/tinyusb/src/portable/raspberrypi/rp2040/rp2040_usb.c.o
 .time_critical.sync_ep_buffer
                0x20000b08       0x9c CMakeFiles/blink.dir/Users/danylo/pico/pico-sdk/lib/tinyusb/src/portable/raspberrypi/rp2040/rp2040_usb.c.o
 .time_critical._hw_endpoint_xfer_sync
                0x20000ba4       0x28 CMakeFiles/blink.dir/Users/danylo/pico/pico-sdk/lib/tinyusb/src/portable/raspberrypi/rp2040/rp2040_usb.c.o
 .time_critical.e15_is_bulkin_ep
                0x20000bcc       0x28 CMakeFiles/blink.dir/Users/danylo/pico/pico-sdk/lib/tinyusb/src/portable/raspberrypi/rp2040/rp2040_usb.c.o
 .time_critical.e15_is_critical_frame_period
                0x20000bf4       0x34 CMakeFiles/blink.dir/Users/danylo/pico/pico-sdk/lib/tinyusb/src/portable/raspberrypi/rp2040/rp2040_usb.c.o
 .time_critical.hw_endpoint_reset_transfer
                0x20000c28        0xc CMakeFiles/blink.dir/Users/danylo/pico/pico-sdk/lib/tinyusb/src/portable/raspberrypi/rp2040/rp2040_usb.c.o
                0x20000c28                hw_endpoint_reset_transfer
 .time_critical._hw_endpoint_buffer_control_update32
                0x20000c34       0x50 CMakeFiles/blink.dir/Users/danylo/pico/pico-sdk/lib/tinyusb/src/portable/raspberrypi/rp2040/rp2040_usb.c.o
                0x20000c34                _hw_endpoint_buffer_control_update32
 .time_critical.hw_endpoint_start_next_buffer
                0x20000c84       0x68 CMakeFiles/blink.dir/Users/danylo/pico/pico-sdk/lib/tinyusb/src/portable/raspberrypi/rp2040/rp2040_usb.c.o
                0x20000c84                hw_endpoint_start_next_buffer
 .time_critical.hw_endpoint_xfer_continue
                0x20000cec       0x40 CMakeFiles/blink.dir/Users/danylo/pico/pico-sdk/lib/tinyusb/src/portable/raspberrypi/rp2040/rp2040_usb.c.o
                0x20000cec                hw_endpoint_xfer_continue
 .time_critical.tinyusb
                0x20000d2c      0x1e4 CMakeFiles/blink.dir/Users/danylo/pico/pico-sdk/lib/tinyusb/src/device/usbd.c.o
                0x20000d2c                dcd_event_handler
 *(.text*)
 .text          0x20000f10        0x4 /Applications/ArmGNUToolchain/14.2.rel1/arm-none-eabi/bin/../lib/gcc/arm-none-eabi/14.2.1/thumb/v6-m/nofp/libgcc.a(_dvmd_tls.o)
                0x20000f10                __aeabi_ldiv0
                0x20000f10                __aeabi_idiv0
 *fill*         0x20000f14        0x4 
 .text.__stub   0x20000f18       0x80 linker stubs
                0x20000f98                        . = ALIGN (0x4)
 *(.rodata*)
                0x20000f98                        . = ALIGN (0x4)
 *(.data*)
 .data.striped_spin_lock_num
                0x20000f98        0x1 CMakeFiles/blink.dir/Users/danylo/pico/pico-sdk/src/rp2_common/hardware_sync/sync.c.o
 *fill*         0x20000f99        0x3 
 .data          0x20000f9c       0x48 CMakeFiles/blink.dir/Users/danylo/pico/pico-sdk/src/rp2_common/hardware_irq/irq_handler_chain.S.o
                0x20000f9c                irq_handler_chain_slots
                0x20000fcc                irq_handler_chain_first_slot
                0x20000fd6                irq_handler_chain_remove_tail
 .data.default_alarm_pool
                0x20000fe4       0x18 CMakeFiles/blink.dir/Users/danylo/pico/pico-sdk/src/common/pico_time/time.c.o
 *fill*         0x20000ffc        0x4 
 .data.aeabi_bits_funcs
                0x20001000       0x10 CMakeFiles/blink.dir/Users/danylo/pico/pico-sdk/src/rp2_common/pico_bit_ops/bit_ops_aeabi.S.o
                0x20001000                aeabi_bits_funcs
                0x20001010                aeabi_bits_funcs_end
 .data.aeabi_mem_funcs
                0x20001010       0x10 CMakeFiles/blink.dir/Users/danylo/pico/pico-sdk/src/rp2_common/pico_mem_ops/mem_ops_aeabi.S.o
                0x20001010                aeabi_mem_funcs
                0x20001020                aeabi_mem_funcs_end
 .data.stdio_uart
                0x20001020       0x18 CMakeFiles/blink.dir/Users/danylo/pico/pico-sdk/src/rp2_common/pico_stdio_uart/stdio_uart.c.o
                0x20001020                stdio_uart
 .data.stdio_usb
                0x20001038       0x18 CMakeFiles/blink.dir/Users/danylo/pico/pico-sdk/src/rp2_common/pico_stdio_usb/stdio_usb.c.o
                0x20001038                stdio_usb
 .data._usbd_qdef
                0x20001050       0x1c CMakeFiles/blink.dir/Users/danylo/pico/pico-sdk/lib/tinyusb/src/device/usbd.c.o
                0x20001050                _usbd_qdef
 .data._usbd_rhport
                0x2000106c        0x1 CMakeFiles/blink.dir/Users/danylo/pico/pico-sdk/lib/tinyusb/src/device/usbd.c.o
                0x20001070                        . = ALIGN (0x4)
 *fill*         0x2000106d        0x3 
 *(.after_data.*)
                0x20001070                        . = ALIGN (0x4)
                0x20001070                        PROVIDE (__mutex_array_start = .)
 *(SORT_BY_NAME(.mutex_array.*))
 *(.mutex_array)
 .mutex_array   0x20001070        0x8 CMakeFiles/blink.dir/Users/danylo/pico/pico-sdk/src/rp2_common/pico_stdio/stdio.c.o
                0x20001078                        PROVIDE (__mutex_array_end = .)
                0x20001078                        . = ALIGN (0x4)
 *(.jcr)
                0x20001078                        . = ALIGN (0x4)

.tm_clone_table
                0x20001078        0x0 load address 0x10005f1c
 .tm_clone_table
                0x20001078        0x0 /Applications/ArmGNUToolchain/14.2.rel1/arm-none-eabi/bin/../lib/gcc/arm-none-eabi/14.2.1/thumb/v6-m/nofp/crtbegin.o
 .tm_clone_table
                0x20001078        0x0 /Applications/ArmGNUToolchain/14.2.rel1/arm-none-eabi/bin/../lib/gcc/arm-none-eabi/14.2.1/thumb/v6-m/nofp/crtend.o

.igot.plt       0x20001078        0x0 load address 0x10005f1c
 .igot.plt      0x20001078        0x0 /Applications/ArmGNUToolchain/14.2.rel1/arm-none-eabi/bin/../lib/gcc/arm-none-eabi/14.2.1/thumb/v6-m/nofp/crtbegin.o

.tdata          0x20001078        0x0 load address 0x10005f1c
                0x20001078                        . = ALIGN (0x4)
 *(.tdata .tdata.* .gnu.linkonce.td.*)
                0x20001078                        __tdata_end = .
                0x20001078                        PROVIDE (__data_end__ = .)
                0x10004f64                        __etext = LOADADDR (.data)

.tbss           0x20001078        0x0 load address 0x10005f1c
                0x20001078                        . = ALIGN (0x4)
                0x20001078                        __bss_start__ = .
                0x20001078                        __tls_base = .
 *(.tbss .tbss.* .gnu.linkonce.tb.*)
 *(.tcommon)
                0x20001078                        __tls_end = .

.bss            0x20001078      0xf0c load address 0x10005f1c
                0x20001078                        . = ALIGN (0x4)
                0x20001078                        __tbss_end = .
 *(SORT_BY_ALIGNMENT(SORT_BY_NAME(.bss*)))
 .bss.default_alarm_pool_entries
                0x20001078      0x180 CMakeFiles/blink.dir/Users/danylo/pico/pico-sdk/src/common/pico_time/time.c.o
 .bss.last_avail_time.1
                0x200011f8        0x8 CMakeFiles/blink.dir/Users/danylo/pico/pico-sdk/src/rp2_common/pico_stdio_usb/stdio_usb.c.o
 .bss.sd_table  0x20001200      0x100 CMakeFiles/blink.dir/Users/danylo/pico/pico-sdk/src/rp2_common/pico_double/double_init_rom_rp2040.c.o
                0x20001200                sd_table
 .bss.sf_table  0x20001300      0x100 CMakeFiles/blink.dir/Users/danylo/pico/pico-sdk/src/rp2_common/pico_float/float_init_rom_rp2040.c.o
                0x20001300                sf_table
 .bss._app_driver
                0x20001400        0x4 CMakeFiles/blink.dir/Users/danylo/pico/pico-sdk/lib/tinyusb/src/device/usbd.c.o
 .bss._cdcd_epbuf
                0x20001404       0x80 CMakeFiles/blink.dir/Users/danylo/pico/pico-sdk/lib/tinyusb/src/class/cdc/cdc_device.c.o
 .bss._cdcd_fifo_cfg
                0x20001484        0x1 CMakeFiles/blink.dir/Users/danylo/pico/pico-sdk/lib/tinyusb/src/class/cdc/cdc_device.c.o
 *fill*         0x20001485        0x3 
 .bss._cdcd_itf
                0x20001488       0xc8 CMakeFiles/blink.dir/Users/danylo/pico/pico-sdk/lib/tinyusb/src/class/cdc/cdc_device.c.o
 .bss._ctrl_epbuf
                0x20001550       0x40 CMakeFiles/blink.dir/Users/danylo/pico/pico-sdk/lib/tinyusb/src/device/usbd_control.c.o
 .bss._ctrl_xfer
                0x20001590       0x14 CMakeFiles/blink.dir/Users/danylo/pico/pico-sdk/lib/tinyusb/src/device/usbd_control.c.o
 .bss._tusb_rhport_role
                0x200015a4        0x2 CMakeFiles/blink.dir/Users/danylo/pico/pico-sdk/lib/tinyusb/src/tusb.c.o
                0x200015a4                _tusb_rhport_role
 *fill*         0x200015a6        0x2 
 .bss._ubsd_mutexdef
                0x200015a8        0x8 CMakeFiles/blink.dir/Users/danylo/pico/pico-sdk/lib/tinyusb/src/device/usbd.c.o
 .bss._usbd_dev
                0x200015b0       0x54 CMakeFiles/blink.dir/Users/danylo/pico/pico-sdk/lib/tinyusb/src/device/usbd.c.o
 .bss._usbd_mutex
                0x20001604        0x4 CMakeFiles/blink.dir/Users/danylo/pico/pico-sdk/lib/tinyusb/src/device/usbd.c.o
 .bss._usbd_q   0x20001608        0x4 CMakeFiles/blink.dir/Users/danylo/pico/pico-sdk/lib/tinyusb/src/device/usbd.c.o
 .bss._usbd_qdef_buf
                0x2000160c       0xc0 CMakeFiles/blink.dir/Users/danylo/pico/pico-sdk/lib/tinyusb/src/device/usbd.c.o
                0x2000160c                _usbd_qdef_buf
 .bss._vendord_epbuf
                0x200016cc       0x80 CMakeFiles/blink.dir/Users/danylo/pico/pico-sdk/lib/tinyusb/src/class/vendor/vendor_device.c.o
 .bss._vendord_itf
                0x2000174c      0x24c CMakeFiles/blink.dir/Users/danylo/pico/pico-sdk/lib/tinyusb/src/class/vendor/vendor_device.c.o
 .bss.boot2_copyout
                0x20001998      0x100 CMakeFiles/blink.dir/Users/danylo/pico/pico-sdk/src/rp2_common/hardware_flash/flash.c.o
 .bss.chars_available_callback
                0x20001a98        0x4 CMakeFiles/blink.dir/Users/danylo/pico/pico-sdk/src/rp2_common/pico_stdio_uart/stdio_uart.c.o
 .bss.chars_available_callback
                0x20001a9c        0x4 CMakeFiles/blink.dir/Users/danylo/pico/pico-sdk/src/rp2_common/pico_stdio_usb/stdio_usb.c.o
 .bss.chars_available_param
                0x20001aa0        0x4 CMakeFiles/blink.dir/Users/danylo/pico/pico-sdk/src/rp2_common/pico_stdio_uart/stdio_uart.c.o
 .bss.chars_available_param
                0x20001aa4        0x4 CMakeFiles/blink.dir/Users/danylo/pico/pico-sdk/src/rp2_common/pico_stdio_usb/stdio_usb.c.o
 .bss.claimed   0x20001aa8        0x4 CMakeFiles/blink.dir/Users/danylo/pico/pico-sdk/src/rp2_common/hardware_sync/sync.c.o
 .bss.claimed   0x20001aac        0x1 CMakeFiles/blink.dir/Users/danylo/pico/pico-sdk/src/rp2_common/hardware_timer/timer.c.o
 *fill*         0x20001aad        0x3 
 .bss.configured_freq
                0x20001ab0       0x28 CMakeFiles/blink.dir/Users/danylo/pico/pico-sdk/src/rp2_common/hardware_clocks/clocks.c.o
 .bss.desc_str.0
                0x20001ad8       0x28 CMakeFiles/blink.dir/Users/danylo/pico/pico-sdk/src/rp2_common/pico_stdio_usb/stdio_usb_descriptors.c.o
 .bss.drivers   0x20001b00        0x4 CMakeFiles/blink.dir/Users/danylo/pico/pico-sdk/src/rp2_common/pico_stdio/stdio.c.o
 .bss.e15_last_sof
                0x20001b04        0x4 CMakeFiles/blink.dir/Users/danylo/pico/pico-sdk/lib/tinyusb/src/portable/raspberrypi/rp2040/rp2040_usb.c.o
                0x20001b04                e15_last_sof
 .bss.filter    0x20001b08        0x4 CMakeFiles/blink.dir/Users/danylo/pico/pico-sdk/src/rp2_common/pico_stdio/stdio.c.o
 .bss.hw_endpoints
                0x20001b0c      0x400 CMakeFiles/blink.dir/Users/danylo/pico/pico-sdk/lib/tinyusb/src/portable/raspberrypi/rp2040/dcd_rp2040.c.o
 .bss.lazy_vsnprintf
                0x20001f0c        0x4 CMakeFiles/blink.dir/Users/danylo/pico/pico-sdk/src/rp2_common/pico_printf/printf.c.o
 .bss.load_value
                0x20001f10        0x4 CMakeFiles/blink.dir/Users/danylo/pico/pico-sdk/src/rp2_common/hardware_watchdog/watchdog.c.o
 .bss.next_buffer_ptr
                0x20001f14        0x4 CMakeFiles/blink.dir/Users/danylo/pico/pico-sdk/lib/tinyusb/src/portable/raspberrypi/rp2040/dcd_rp2040.c.o
 .bss.object.0  0x20001f18       0x18 /Applications/ArmGNUToolchain/14.2.rel1/arm-none-eabi/bin/../lib/gcc/arm-none-eabi/14.2.1/thumb/v6-m/nofp/crtbegin.o
 .bss.one_shot_timer_crit_sec
                0x20001f30        0x8 CMakeFiles/blink.dir/Users/danylo/pico/pico-sdk/src/rp2_common/pico_stdio_usb/stdio_usb.c.o
 .bss.pools     0x20001f38       0x10 CMakeFiles/blink.dir/Users/danylo/pico/pico-sdk/src/common/pico_time/time.c.o
 .bss.retrieved_id
                0x20001f48        0x8 CMakeFiles/blink.dir/Users/danylo/pico/pico-sdk/src/rp2_common/pico_unique_id/unique_id.c.o
 .bss.sf_clz_func
                0x20001f50        0x4 CMakeFiles/blink.dir/Users/danylo/pico/pico-sdk/src/rp2_common/pico_double/double_init_rom_rp2040.c.o
                0x20001f50                sf_clz_func
 .bss.sleep_notifier
                0x20001f54        0x4 CMakeFiles/blink.dir/Users/danylo/pico/pico-sdk/src/common/pico_time/time.c.o
 .bss.stdio_usb_mutex
                0x20001f58        0x8 CMakeFiles/blink.dir/Users/danylo/pico/pico-sdk/src/rp2_common/pico_stdio_usb/stdio_usb.c.o
 .bss.uart_char_to_line_feed
                0x20001f60        0x4 CMakeFiles/blink.dir/Users/danylo/pico/pico-sdk/src/rp2_common/hardware_uart/uart.c.o
                0x20001f60                uart_char_to_line_feed
 .bss.uart_instance
                0x20001f64        0x4 CMakeFiles/blink.dir/Users/danylo/pico/pico-sdk/src/rp2_common/pico_stdio_uart/stdio_uart.c.o
 .bss.usbd_serial_str
                0x20001f68       0x11 CMakeFiles/blink.dir/Users/danylo/pico/pico-sdk/src/rp2_common/pico_stdio_usb/stdio_usb_descriptors.c.o
 .bss._app_driver_count
                0x20001f79        0x1 CMakeFiles/blink.dir/Users/danylo/pico/pico-sdk/lib/tinyusb/src/device/usbd.c.o
 .bss._sof_enable
                0x20001f7a        0x1 CMakeFiles/blink.dir/Users/danylo/pico/pico-sdk/lib/tinyusb/src/portable/raspberrypi/rp2040/dcd_rp2040.c.o
 .bss._usbd_queued_setup
                0x20001f7b        0x1 CMakeFiles/blink.dir/Users/danylo/pico/pico-sdk/lib/tinyusb/src/device/usbd.c.o
 .bss.boot2_copyout_valid
                0x20001f7c        0x1 CMakeFiles/blink.dir/Users/danylo/pico/pico-sdk/src/rp2_common/hardware_flash/flash.c.o
 .bss.irq_handler_chain_free_slot_head
                0x20001f7d        0x1 CMakeFiles/blink.dir/Users/danylo/pico/pico-sdk/src/rp2_common/hardware_irq/irq.c.o
 .bss.itf_num   0x20001f7e        0x1 CMakeFiles/blink.dir/Users/danylo/pico/pico-sdk/src/rp2_common/pico_stdio_usb/reset_interface.c.o
 .bss.low_priority_irq_num
                0x20001f7f        0x1 CMakeFiles/blink.dir/Users/danylo/pico/pico-sdk/src/rp2_common/pico_stdio_usb/stdio_usb.c.o
 .bss.one_shot_timer_pending
                0x20001f80        0x1 CMakeFiles/blink.dir/Users/danylo/pico/pico-sdk/src/rp2_common/pico_stdio_usb/stdio_usb.c.o
 .bss.user_irq_claimed
                0x20001f81        0x1 CMakeFiles/blink.dir/Users/danylo/pico/pico-sdk/src/rp2_common/hardware_irq/irq.c.o
 *(COMMON)
                0x20001f84                        . = ALIGN (0x4)
 *fill*         0x20001f82        0x2 
                0x20001f84                        __bss_end__ = .

.heap           0x20001f84      0x800 load address 0x10005f1c
                0x20001f84                        __end__ = .
                0x20001f84                        end = __end__
 *(.heap*)
 .heap          0x20001f84      0x800 CMakeFiles/blink.dir/Users/danylo/pico/pico-sdk/src/rp2_common/pico_crt0/crt0.S.o
                0x20040000                        __HeapLimit = (ORIGIN (RAM) + LENGTH (RAM))

.scratch_x      0x20040000        0x0 load address 0x10005f1c
                0x20040000                        __scratch_x_start__ = .
 *(.scratch_x.*)
                0x20040000                        . = ALIGN (0x4)
                0x20040000                        __scratch_x_end__ = .
                0x10005f1c                        __scratch_x_source__ = LOADADDR (.scratch_x)

.scratch_y      0x20041000        0x0 load address 0x10005f1c
                0x20041000                        __scratch_y_start__ = .
 *(.scratch_y.*)
                0x20041000                        . = ALIGN (0x4)
                0x20041000                        __scratch_y_end__ = .
                0x10005f1c                        __scratch_y_source__ = LOADADDR (.scratch_y)

.stack1_dummy
 *(.stack1*)

.stack_dummy    0x20041000      0x800
 *(.stack*)
 .stack         0x20041000      0x800 CMakeFiles/blink.dir/Users/danylo/pico/pico-sdk/src/rp2_common/pico_crt0/crt0.S.o

.flash_end      0x10005f1c        0x0
 *(.embedded_end_block*)
                0x10005f1c                        PROVIDE (__flash_binary_end = .)
                0x20040000                        __StackLimit = (ORIGIN (RAM) + LENGTH (RAM))
                0x20041000                        __StackOneTop = (ORIGIN (SCRATCH_X) + LENGTH (SCRATCH_X))
                0x20042000                        __StackTop = (ORIGIN (SCRATCH_Y) + LENGTH (SCRATCH_Y))
                0x20041000                        __StackOneBottom = (__StackOneTop - SIZEOF (.stack1_dummy))
                0x20041800                        __StackBottom = (__StackTop - SIZEOF (.stack_dummy))
                0x20042000                        PROVIDE (__stack = __StackTop)
                [!provide]                        PROVIDE (__heap_start = __end__)
                [!provide]                        PROVIDE (__heap_end = __HeapLimit)
                [!provide]                        PROVIDE (__tls_align = MAX (ALIGNOF (.tdata), ALIGNOF (.tbss)))
                [!provide]                        PROVIDE (__tls_size_align = (((__tls_size + __tls_align) - 0x1) & ~ ((__tls_align - 0x1))))
                [!provide]                        PROVIDE (__arm32_tls_tcb_offset = MAX (0x8, __tls_align))
                [!provide]                        PROVIDE (_end = __end__)
                [!provide]                        PROVIDE (__llvm_libc_heap_limit = __HeapLimit)
                0x00000001                        ASSERT ((__StackLimit >= __HeapLimit), region RAM overflowed)
                0x00000001                        ASSERT (((__binary_info_header_end - __logical_binary_start) <= 0x100), Binary info must be in first 256 bytes of the binary)
LOAD CMakeFiles/blink.dir/blink.c.o
LOAD CMakeFiles/blink.dir/Users/danylo/pico/pico-sdk/src/rp2_common/pico_stdlib/stdlib.c.o
LOAD CMakeFiles/blink.dir/Users/danylo/pico/pico-sdk/src/rp2_common/hardware_gpio/gpio.c.o
LOAD CMakeFiles/blink.dir/Users/danylo/pico/pico-sdk/src/rp2040/pico_platform/platform.c.o
LOAD CMakeFiles/blink.dir/Users/danylo/pico/pico-sdk/src/rp2_common/pico_platform_panic/panic.c.o
LOAD CMakeFiles/blink.dir/Users/danylo/pico/pico-sdk/src/common/hardware_claim/claim.c.o
LOAD CMakeFiles/blink.dir/Users/danylo/pico/pico-sdk/src/rp2_common/hardware_sync/sync.c.o
LOAD CMakeFiles/blink.dir/Users/danylo/pico/pico-sdk/src/rp2_common/hardware_sync_spin_lock/sync_spin_lock.c.o
LOAD CMakeFiles/blink.dir/Users/danylo/pico/pico-sdk/src/rp2_common/hardware_irq/irq.c.o
LOAD CMakeFiles/blink.dir/Users/danylo/pico/pico-sdk/src/rp2_common/hardware_irq/irq_handler_chain.S.o
LOAD CMakeFiles/blink.dir/Users/danylo/pico/pico-sdk/src/common/pico_sync/sem.c.o
LOAD CMakeFiles/blink.dir/Users/danylo/pico/pico-sdk/src/common/pico_sync/lock_core.c.o
LOAD CMakeFiles/blink.dir/Users/danylo/pico/pico-sdk/src/common/pico_sync/mutex.c.o
LOAD CMakeFiles/blink.dir/Users/danylo/pico/pico-sdk/src/common/pico_sync/critical_section.c.o
LOAD CMakeFiles/blink.dir/Users/danylo/pico/pico-sdk/src/common/pico_time/time.c.o
LOAD CMakeFiles/blink.dir/Users/danylo/pico/pico-sdk/src/common/pico_time/timeout_helper.c.o
LOAD CMakeFiles/blink.dir/Users/danylo/pico/pico-sdk/src/rp2_common/hardware_timer/timer.c.o
LOAD CMakeFiles/blink.dir/Users/danylo/pico/pico-sdk/src/common/pico_util/datetime.c.o
LOAD CMakeFiles/blink.dir/Users/danylo/pico/pico-sdk/src/common/pico_util/pheap.c.o
LOAD CMakeFiles/blink.dir/Users/danylo/pico/pico-sdk/src/common/pico_util/queue.c.o
LOAD CMakeFiles/blink.dir/Users/danylo/pico/pico-sdk/src/rp2_common/hardware_uart/uart.c.o
LOAD CMakeFiles/blink.dir/Users/danylo/pico/pico-sdk/src/rp2_common/hardware_clocks/clocks.c.o
LOAD CMakeFiles/blink.dir/Users/danylo/pico/pico-sdk/src/rp2_common/hardware_pll/pll.c.o
LOAD CMakeFiles/blink.dir/Users/danylo/pico/pico-sdk/src/rp2_common/hardware_vreg/vreg.c.o
LOAD CMakeFiles/blink.dir/Users/danylo/pico/pico-sdk/src/rp2_common/hardware_watchdog/watchdog.c.o
LOAD CMakeFiles/blink.dir/Users/danylo/pico/pico-sdk/src/rp2_common/hardware_ticks/ticks.c.o
LOAD CMakeFiles/blink.dir/Users/danylo/pico/pico-sdk/src/rp2_common/pico_bootrom/bootrom.c.o
LOAD CMakeFiles/blink.dir/Users/danylo/pico/pico-sdk/src/rp2_common/pico_bootrom/bootrom_lock.c.o
LOAD CMakeFiles/blink.dir/Users/danylo/pico/pico-sdk/src/rp2_common/hardware_boot_lock/boot_lock.c.o
LOAD CMakeFiles/blink.dir/Users/danylo/pico/pico-sdk/src/rp2_common/pico_flash/flash.c.o
LOAD CMakeFiles/blink.dir/Users/danylo/pico/pico-sdk/src/rp2_common/hardware_xosc/xosc.c.o
LOAD CMakeFiles/blink.dir/Users/danylo/pico/pico-sdk/src/rp2_common/hardware_divider/divider.S.o
LOAD CMakeFiles/blink.dir/Users/danylo/pico/pico-sdk/src/rp2_common/pico_runtime/runtime.c.o
LOAD CMakeFiles/blink.dir/Users/danylo/pico/pico-sdk/src/rp2_common/pico_runtime_init/runtime_init.c.o
LOAD CMakeFiles/blink.dir/Users/danylo/pico/pico-sdk/src/rp2_common/pico_runtime_init/runtime_init_clocks.c.o
LOAD CMakeFiles/blink.dir/Users/danylo/pico/pico-sdk/src/rp2_common/pico_runtime_init/runtime_init_stack_guard.c.o
LOAD CMakeFiles/blink.dir/Users/danylo/pico/pico-sdk/src/rp2_common/pico_bit_ops/bit_ops_aeabi.S.o
LOAD CMakeFiles/blink.dir/Users/danylo/pico/pico-sdk/src/rp2_common/pico_divider/divider_hardware.S.o
LOAD CMakeFiles/blink.dir/Users/danylo/pico/pico-sdk/src/rp2_common/pico_double/double_aeabi_rp2040.S.o
LOAD CMakeFiles/blink.dir/Users/danylo/pico/pico-sdk/src/rp2_common/pico_double/double_init_rom_rp2040.c.o
LOAD CMakeFiles/blink.dir/Users/danylo/pico/pico-sdk/src/rp2_common/pico_double/double_math.c.o
LOAD CMakeFiles/blink.dir/Users/danylo/pico/pico-sdk/src/rp2_common/pico_double/double_v1_rom_shim_rp2040.S.o
LOAD CMakeFiles/blink.dir/Users/danylo/pico/pico-sdk/src/rp2_common/pico_int64_ops/pico_int64_ops_aeabi.S.o
LOAD CMakeFiles/blink.dir/Users/danylo/pico/pico-sdk/src/rp2_common/pico_float/float_aeabi_rp2040.S.o
LOAD CMakeFiles/blink.dir/Users/danylo/pico/pico-sdk/src/rp2_common/pico_float/float_init_rom_rp2040.c.o
LOAD CMakeFiles/blink.dir/Users/danylo/pico/pico-sdk/src/rp2_common/pico_float/float_math.c.o
LOAD CMakeFiles/blink.dir/Users/danylo/pico/pico-sdk/src/rp2_common/pico_float/float_v1_rom_shim_rp2040.S.o
LOAD CMakeFiles/blink.dir/Users/danylo/pico/pico-sdk/src/rp2_common/pico_malloc/malloc.c.o
LOAD CMakeFiles/blink.dir/Users/danylo/pico/pico-sdk/src/rp2_common/pico_mem_ops/mem_ops_aeabi.S.o
LOAD CMakeFiles/blink.dir/Users/danylo/pico/pico-sdk/src/rp2_common/pico_atomic/atomic.c.o
LOAD CMakeFiles/blink.dir/Users/danylo/pico/pico-sdk/src/rp2_common/pico_cxx_options/new_delete.cpp.o
LOAD CMakeFiles/blink.dir/Users/danylo/pico/pico-sdk/src/rp2_common/pico_standard_binary_info/standard_binary_info.c.o
LOAD CMakeFiles/blink.dir/Users/danylo/pico/pico-sdk/src/rp2_common/pico_printf/printf.c.o
LOAD CMakeFiles/blink.dir/Users/danylo/pico/pico-sdk/src/rp2_common/pico_crt0/crt0.S.o
LOAD CMakeFiles/blink.dir/Users/danylo/pico/pico-sdk/src/rp2_common/pico_clib_interface/newlib_interface.c.o
LOAD CMakeFiles/blink.dir/Users/danylo/pico/pico-sdk/src/rp2_common/pico_stdio/stdio.c.o
LOAD CMakeFiles/blink.dir/Users/danylo/pico/pico-sdk/src/rp2_common/pico_stdio_uart/stdio_uart.c.o
LOAD CMakeFiles/blink.dir/Users/danylo/pico/pico-sdk/src/rp2_common/pico_stdio_usb/reset_interface.c.o
LOAD CMakeFiles/blink.dir/Users/danylo/pico/pico-sdk/src/rp2_common/pico_stdio_usb/stdio_usb.c.o
LOAD CMakeFiles/blink.dir/Users/danylo/pico/pico-sdk/src/rp2_common/pico_stdio_usb/stdio_usb_descriptors.c.o
LOAD CMakeFiles/blink.dir/Users/danylo/pico/pico-sdk/src/rp2_common/pico_unique_id/unique_id.c.o
LOAD CMakeFiles/blink.dir/Users/danylo/pico/pico-sdk/src/rp2_common/hardware_flash/flash.c.o
LOAD CMakeFiles/blink.dir/Users/danylo/pico/pico-sdk/src/rp2_common/hardware_xip_cache/xip_cache.c.o
LOAD CMakeFiles/blink.dir/Users/danylo/pico/pico-sdk/lib/tinyusb/src/portable/raspberrypi/rp2040/dcd_rp2040.c.o
LOAD CMakeFiles/blink.dir/Users/danylo/pico/pico-sdk/lib/tinyusb/src/portable/raspberrypi/rp2040/rp2040_usb.c.o
LOAD CMakeFiles/blink.dir/Users/danylo/pico/pico-sdk/lib/tinyusb/src/device/usbd.c.o
LOAD CMakeFiles/blink.dir/Users/danylo/pico/pico-sdk/lib/tinyusb/src/device/usbd_control.c.o
LOAD CMakeFiles/blink.dir/Users/danylo/pico/pico-sdk/lib/tinyusb/src/class/audio/audio_device.c.o
LOAD CMakeFiles/blink.dir/Users/danylo/pico/pico-sdk/lib/tinyusb/src/class/cdc/cdc_device.c.o
LOAD CMakeFiles/blink.dir/Users/danylo/pico/pico-sdk/lib/tinyusb/src/class/dfu/dfu_device.c.o
LOAD CMakeFiles/blink.dir/Users/danylo/pico/pico-sdk/lib/tinyusb/src/class/dfu/dfu_rt_device.c.o
LOAD CMakeFiles/blink.dir/Users/danylo/pico/pico-sdk/lib/tinyusb/src/class/hid/hid_device.c.o
LOAD CMakeFiles/blink.dir/Users/danylo/pico/pico-sdk/lib/tinyusb/src/class/midi/midi_device.c.o
LOAD CMakeFiles/blink.dir/Users/danylo/pico/pico-sdk/lib/tinyusb/src/class/msc/msc_device.c.o
LOAD CMakeFiles/blink.dir/Users/danylo/pico/pico-sdk/lib/tinyusb/src/class/net/ecm_rndis_device.c.o
LOAD CMakeFiles/blink.dir/Users/danylo/pico/pico-sdk/lib/tinyusb/src/class/net/ncm_device.c.o
LOAD CMakeFiles/blink.dir/Users/danylo/pico/pico-sdk/lib/tinyusb/src/class/usbtmc/usbtmc_device.c.o
LOAD CMakeFiles/blink.dir/Users/danylo/pico/pico-sdk/lib/tinyusb/src/class/vendor/vendor_device.c.o
LOAD CMakeFiles/blink.dir/Users/danylo/pico/pico-sdk/lib/tinyusb/src/class/video/video_device.c.o
LOAD CMakeFiles/blink.dir/Users/danylo/pico/pico-sdk/lib/tinyusb/src/tusb.c.o
LOAD CMakeFiles/blink.dir/Users/danylo/pico/pico-sdk/lib/tinyusb/src/common/tusb_fifo.c.o
LOAD CMakeFiles/blink.dir/Users/danylo/pico/pico-sdk/src/rp2_common/pico_fix/rp2040_usb_device_enumeration/rp2040_usb_device_enumeration.c.o
LOAD pico-sdk/src/rp2040/boot_stage2/CMakeFiles/bs2_default_library.dir/bs2_default_padded_checksummed.S.o
LOAD /Applications/ArmGNUToolchain/14.2.rel1/arm-none-eabi/bin/../lib/gcc/arm-none-eabi/14.2.1/../../../../arm-none-eabi/lib/thumb/v6-m/nofp/libstdc++.a
LOAD /Applications/ArmGNUToolchain/14.2.rel1/arm-none-eabi/bin/../lib/gcc/arm-none-eabi/14.2.1/../../../../arm-none-eabi/lib/thumb/v6-m/nofp/libm.a
START GROUP
LOAD /Applications/ArmGNUToolchain/14.2.rel1/arm-none-eabi/bin/../lib/gcc/arm-none-eabi/14.2.1/thumb/v6-m/nofp/libgcc.a
LOAD /Applications/ArmGNUToolchain/14.2.rel1/arm-none-eabi/bin/../lib/gcc/arm-none-eabi/14.2.1/../../../../arm-none-eabi/lib/thumb/v6-m/nofp/libg.a
LOAD /Applications/ArmGNUToolchain/14.2.rel1/arm-none-eabi/bin/../lib/gcc/arm-none-eabi/14.2.1/../../../../arm-none-eabi/lib/thumb/v6-m/nofp/libc.a
END GROUP
START GROUP
LOAD /Applications/ArmGNUToolchain/14.2.rel1/arm-none-eabi/bin/../lib/gcc/arm-none-eabi/14.2.1/thumb/v6-m/nofp/libgcc.a
LOAD /Applications/ArmGNUToolchain/14.2.rel1/arm-none-eabi/bin/../lib/gcc/arm-none-eabi/14.2.1/../../../../arm-none-eabi/lib/thumb/v6-m/nofp/libc.a
LOAD /Applications/ArmGNUToolchain/14.2.rel1/arm-none-eabi/bin/../lib/gcc/arm-none-eabi/14.2.1/../../../../arm-none-eabi/lib/thumb/v6-m/nofp/libnosys.a
END GROUP
LOAD /Applications/ArmGNUToolchain/14.2.rel1/arm-none-eabi/bin/../lib/gcc/arm-none-eabi/14.2.1/thumb/v6-m/nofp/crtend.o
LOAD /Applications/ArmGNUToolchain/14.2.rel1/arm-none-eabi/bin/../lib/gcc/arm-none-eabi/14.2.1/thumb/v6-m/nofp/crtn.o
OUTPUT(blink.elf elf32-littlearm)
LOAD linker stubs

.ARM.attributes
                0x00000000       0x28
 .ARM.attributes
                0x00000000       0x1e /Applications/ArmGNUToolchain/14.2.rel1/arm-none-eabi/bin/../lib/gcc/arm-none-eabi/14.2.1/thumb/v6-m/nofp/crti.o
 .ARM.attributes
                0x0000001e       0x2c /Applications/ArmGNUToolchain/14.2.rel1/arm-none-eabi/bin/../lib/gcc/arm-none-eabi/14.2.1/thumb/v6-m/nofp/crtbegin.o
 .ARM.attributes
                0x0000004a       0x2c CMakeFiles/blink.dir/blink.c.o
 .ARM.attributes
                0x00000076       0x2c CMakeFiles/blink.dir/Users/danylo/pico/pico-sdk/src/rp2_common/hardware_gpio/gpio.c.o
 .ARM.attributes
                0x000000a2       0x2c CMakeFiles/blink.dir/Users/danylo/pico/pico-sdk/src/rp2040/pico_platform/platform.c.o
 .ARM.attributes
                0x000000ce       0x2c CMakeFiles/blink.dir/Users/danylo/pico/pico-sdk/src/rp2_common/pico_platform_panic/panic.c.o
 .ARM.attributes
                0x000000fa       0x2c CMakeFiles/blink.dir/Users/danylo/pico/pico-sdk/src/common/hardware_claim/claim.c.o
 .ARM.attributes
                0x00000126       0x2c CMakeFiles/blink.dir/Users/danylo/pico/pico-sdk/src/rp2_common/hardware_sync/sync.c.o
 .ARM.attributes
                0x00000152       0x2c CMakeFiles/blink.dir/Users/danylo/pico/pico-sdk/src/rp2_common/hardware_sync_spin_lock/sync_spin_lock.c.o
 .ARM.attributes
                0x0000017e       0x2c CMakeFiles/blink.dir/Users/danylo/pico/pico-sdk/src/rp2_common/hardware_irq/irq.c.o
 .ARM.attributes
                0x000001aa       0x22 CMakeFiles/blink.dir/Users/danylo/pico/pico-sdk/src/rp2_common/hardware_irq/irq_handler_chain.S.o
 .ARM.attributes
                0x000001cc       0x2c CMakeFiles/blink.dir/Users/danylo/pico/pico-sdk/src/common/pico_sync/lock_core.c.o
 .ARM.attributes
                0x000001f8       0x2c CMakeFiles/blink.dir/Users/danylo/pico/pico-sdk/src/common/pico_sync/mutex.c.o
 .ARM.attributes
                0x00000224       0x2c CMakeFiles/blink.dir/Users/danylo/pico/pico-sdk/src/common/pico_sync/critical_section.c.o
 .ARM.attributes
                0x00000250       0x2c CMakeFiles/blink.dir/Users/danylo/pico/pico-sdk/src/common/pico_time/time.c.o
 .ARM.attributes
                0x0000027c       0x2c CMakeFiles/blink.dir/Users/danylo/pico/pico-sdk/src/rp2_common/hardware_timer/timer.c.o
 .ARM.attributes
                0x000002a8       0x2c CMakeFiles/blink.dir/Users/danylo/pico/pico-sdk/src/rp2_common/hardware_uart/uart.c.o
 .ARM.attributes
                0x000002d4       0x2c CMakeFiles/blink.dir/Users/danylo/pico/pico-sdk/src/rp2_common/hardware_clocks/clocks.c.o
 .ARM.attributes
                0x00000300       0x2c CMakeFiles/blink.dir/Users/danylo/pico/pico-sdk/src/rp2_common/hardware_pll/pll.c.o
 .ARM.attributes
                0x0000032c       0x2c CMakeFiles/blink.dir/Users/danylo/pico/pico-sdk/src/rp2_common/hardware_watchdog/watchdog.c.o
 .ARM.attributes
                0x00000358       0x2c CMakeFiles/blink.dir/Users/danylo/pico/pico-sdk/src/rp2_common/hardware_ticks/ticks.c.o
 .ARM.attributes
                0x00000384       0x2c CMakeFiles/blink.dir/Users/danylo/pico/pico-sdk/src/rp2_common/pico_bootrom/bootrom.c.o
 .ARM.attributes
                0x000003b0       0x2c CMakeFiles/blink.dir/Users/danylo/pico/pico-sdk/src/rp2_common/hardware_xosc/xosc.c.o
 .ARM.attributes
                0x000003dc       0x2c CMakeFiles/blink.dir/Users/danylo/pico/pico-sdk/src/rp2_common/pico_runtime/runtime.c.o
 .ARM.attributes
                0x00000408       0x2c CMakeFiles/blink.dir/Users/danylo/pico/pico-sdk/src/rp2_common/pico_runtime_init/runtime_init.c.o
 .ARM.attributes
                0x00000434       0x2c CMakeFiles/blink.dir/Users/danylo/pico/pico-sdk/src/rp2_common/pico_runtime_init/runtime_init_clocks.c.o
 .ARM.attributes
                0x00000460       0x22 CMakeFiles/blink.dir/Users/danylo/pico/pico-sdk/src/rp2_common/pico_bit_ops/bit_ops_aeabi.S.o
 .ARM.attributes
                0x00000482       0x22 CMakeFiles/blink.dir/Users/danylo/pico/pico-sdk/src/rp2_common/pico_divider/divider_hardware.S.o
 .ARM.attributes
                0x000004a4       0x22 CMakeFiles/blink.dir/Users/danylo/pico/pico-sdk/src/rp2_common/pico_double/double_aeabi_rp2040.S.o
 .ARM.attributes
                0x000004c6       0x2c CMakeFiles/blink.dir/Users/danylo/pico/pico-sdk/src/rp2_common/pico_double/double_init_rom_rp2040.c.o
 .ARM.attributes
                0x000004f2       0x22 CMakeFiles/blink.dir/Users/danylo/pico/pico-sdk/src/rp2_common/pico_double/double_v1_rom_shim_rp2040.S.o
 .ARM.attributes
                0x00000514       0x22 CMakeFiles/blink.dir/Users/danylo/pico/pico-sdk/src/rp2_common/pico_int64_ops/pico_int64_ops_aeabi.S.o
 .ARM.attributes
                0x00000536       0x22 CMakeFiles/blink.dir/Users/danylo/pico/pico-sdk/src/rp2_common/pico_float/float_aeabi_rp2040.S.o
 .ARM.attributes
                0x00000558       0x2c CMakeFiles/blink.dir/Users/danylo/pico/pico-sdk/src/rp2_common/pico_float/float_init_rom_rp2040.c.o
 .ARM.attributes
                0x00000584       0x22 CMakeFiles/blink.dir/Users/danylo/pico/pico-sdk/src/rp2_common/pico_float/float_v1_rom_shim_rp2040.S.o
 .ARM.attributes
                0x000005a6       0x22 CMakeFiles/blink.dir/Users/danylo/pico/pico-sdk/src/rp2_common/pico_mem_ops/mem_ops_aeabi.S.o
 .ARM.attributes
                0x000005c8       0x2c CMakeFiles/blink.dir/Users/danylo/pico/pico-sdk/src/rp2_common/pico_standard_binary_info/standard_binary_info.c.o
 .ARM.attributes
                0x000005f4       0x2c CMakeFiles/blink.dir/Users/danylo/pico/pico-sdk/src/rp2_common/pico_printf/printf.c.o
 .ARM.attributes
                0x00000620       0x22 CMakeFiles/blink.dir/Users/danylo/pico/pico-sdk/src/rp2_common/pico_crt0/crt0.S.o
 .ARM.attributes
                0x00000642       0x2c CMakeFiles/blink.dir/Users/danylo/pico/pico-sdk/src/rp2_common/pico_clib_interface/newlib_interface.c.o
 .ARM.attributes